Archive member included to satisfy reference by file (symbol)

d:/tool/gcc-arm-none-eabi/bin/../lib/gcc/arm-none-eabi/10.3.1/../../../../arm-none-eabi/lib/thumb/v7e-m+dp/hard\libc_nano.a(lib_a-errno.o)
                              build/syscalls.o (__errno)
d:/tool/gcc-arm-none-eabi/bin/../lib/gcc/arm-none-eabi/10.3.1/../../../../arm-none-eabi/lib/thumb/v7e-m+dp/hard\libc_nano.a(lib_a-exit.o)
                              d:/tool/gcc-arm-none-eabi/bin/../lib/gcc/arm-none-eabi/10.3.1/../../../../arm-none-eabi/lib/thumb/v7e-m+dp/hard/crt0.o (exit)
d:/tool/gcc-arm-none-eabi/bin/../lib/gcc/arm-none-eabi/10.3.1/../../../../arm-none-eabi/lib/thumb/v7e-m+dp/hard\libc_nano.a(lib_a-impure.o)
                              d:/tool/gcc-arm-none-eabi/bin/../lib/gcc/arm-none-eabi/10.3.1/../../../../arm-none-eabi/lib/thumb/v7e-m+dp/hard\libc_nano.a(lib_a-exit.o) (_global_impure_ptr)
d:/tool/gcc-arm-none-eabi/bin/../lib/gcc/arm-none-eabi/10.3.1/../../../../arm-none-eabi/lib/thumb/v7e-m+dp/hard\libc_nano.a(lib_a-init.o)
                              d:/tool/gcc-arm-none-eabi/bin/../lib/gcc/arm-none-eabi/10.3.1/../../../../arm-none-eabi/lib/thumb/v7e-m+dp/hard/crt0.o (__libc_init_array)
d:/tool/gcc-arm-none-eabi/bin/../lib/gcc/arm-none-eabi/10.3.1/../../../../arm-none-eabi/lib/thumb/v7e-m+dp/hard\libc_nano.a(lib_a-memcpy-stub.o)
                              build/cmsis_os2.o (memcpy)
d:/tool/gcc-arm-none-eabi/bin/../lib/gcc/arm-none-eabi/10.3.1/../../../../arm-none-eabi/lib/thumb/v7e-m+dp/hard\libc_nano.a(lib_a-memset.o)
                              d:/tool/gcc-arm-none-eabi/bin/../lib/gcc/arm-none-eabi/10.3.1/../../../../arm-none-eabi/lib/thumb/v7e-m+dp/hard/crt0.o (memset)

Discarded input sections

 .text          0x00000000        0x0 d:/tool/gcc-arm-none-eabi/bin/../lib/gcc/arm-none-eabi/10.3.1/thumb/v7e-m+dp/hard/crti.o
 .data          0x00000000        0x0 d:/tool/gcc-arm-none-eabi/bin/../lib/gcc/arm-none-eabi/10.3.1/thumb/v7e-m+dp/hard/crti.o
 .bss           0x00000000        0x0 d:/tool/gcc-arm-none-eabi/bin/../lib/gcc/arm-none-eabi/10.3.1/thumb/v7e-m+dp/hard/crti.o
 .data          0x00000000        0x4 d:/tool/gcc-arm-none-eabi/bin/../lib/gcc/arm-none-eabi/10.3.1/thumb/v7e-m+dp/hard/crtbegin.o
 .rodata        0x00000000       0x24 d:/tool/gcc-arm-none-eabi/bin/../lib/gcc/arm-none-eabi/10.3.1/thumb/v7e-m+dp/hard/crtbegin.o
 .text          0x00000000       0x7c d:/tool/gcc-arm-none-eabi/bin/../lib/gcc/arm-none-eabi/10.3.1/../../../../arm-none-eabi/lib/thumb/v7e-m+dp/hard/crt0.o
 .data          0x00000000        0x0 d:/tool/gcc-arm-none-eabi/bin/../lib/gcc/arm-none-eabi/10.3.1/../../../../arm-none-eabi/lib/thumb/v7e-m+dp/hard/crt0.o
 .bss           0x00000000        0x0 d:/tool/gcc-arm-none-eabi/bin/../lib/gcc/arm-none-eabi/10.3.1/../../../../arm-none-eabi/lib/thumb/v7e-m+dp/hard/crt0.o
 .ARM.extab     0x00000000        0x0 d:/tool/gcc-arm-none-eabi/bin/../lib/gcc/arm-none-eabi/10.3.1/../../../../arm-none-eabi/lib/thumb/v7e-m+dp/hard/crt0.o
 .ARM.exidx     0x00000000       0x10 d:/tool/gcc-arm-none-eabi/bin/../lib/gcc/arm-none-eabi/10.3.1/../../../../arm-none-eabi/lib/thumb/v7e-m+dp/hard/crt0.o
 .ARM.attributes
                0x00000000       0x1c d:/tool/gcc-arm-none-eabi/bin/../lib/gcc/arm-none-eabi/10.3.1/../../../../arm-none-eabi/lib/thumb/v7e-m+dp/hard/crt0.o
 .text          0x00000000        0x0 build/ads1299.o
 .data          0x00000000        0x0 build/ads1299.o
 .bss           0x00000000        0x0 build/ads1299.o
 .text.ads1299_reg_read
                0x00000000       0x48 build/ads1299.o
 .text.ads1299_all_reg_read
                0x00000000       0x58 build/ads1299.o
 .text          0x00000000        0x0 build/freertos.o
 .data          0x00000000        0x0 build/freertos.o
 .bss           0x00000000        0x0 build/freertos.o
 .rodata.itr_num_max
                0x00000000        0x4 build/freertos.o
 .rodata.send_max_size
                0x00000000        0x4 build/freertos.o
 .text          0x00000000        0x0 build/gpio.o
 .data          0x00000000        0x0 build/gpio.o
 .bss           0x00000000        0x0 build/gpio.o
 .text          0x00000000        0x0 build/main.o
 .data          0x00000000        0x0 build/main.o
 .bss           0x00000000        0x0 build/main.o
 .text          0x00000000        0x0 build/spi.o
 .data          0x00000000        0x0 build/spi.o
 .bss           0x00000000        0x0 build/spi.o
 .text.HAL_SPI_MspDeInit
                0x00000000       0x40 build/spi.o
 .text          0x00000000        0x0 build/stm32h7xx_hal_msp.o
 .data          0x00000000        0x0 build/stm32h7xx_hal_msp.o
 .bss           0x00000000        0x0 build/stm32h7xx_hal_msp.o
 .text          0x00000000        0x0 build/stm32h7xx_hal_timebase_tim.o
 .data          0x00000000        0x0 build/stm32h7xx_hal_timebase_tim.o
 .bss           0x00000000        0x0 build/stm32h7xx_hal_timebase_tim.o
 .text.HAL_SuspendTick
[...]
Memory Configuration

Name             Origin             Length             Attributes
DTCMRAM          0x20000000         0x00020000         xrw
RAM_D1           0x24000000         0x00080000         xrw
RAM_D2           0x30000000         0x00048000         xrw
RAM_D3           0x38000000         0x00010000         xrw
ITCMRAM          0x00000000         0x00010000         xrw
FLASH            0x08000000         0x00200000         xr
*default*        0x00000000         0xffffffff

Linker script and memory map

LOAD d:/tool/gcc-arm-none-eabi/bin/../lib/gcc/arm-none-eabi/10.3.1/thumb/v7e-m+dp/hard/crti.o
LOAD d:/tool/gcc-arm-none-eabi/bin/../lib/gcc/arm-none-eabi/10.3.1/thumb/v7e-m+dp/hard/crtbegin.o
LOAD d:/tool/gcc-arm-none-eabi/bin/../lib/gcc/arm-none-eabi/10.3.1/../../../../arm-none-eabi/lib/thumb/v7e-m+dp/hard/crt0.o
LOAD build/ads1299.o
LOAD build/freertos.o
LOAD build/gpio.o
LOAD build/main.o
LOAD build/spi.o
LOAD build/stm32h7xx_hal_msp.o
LOAD build/stm32h7xx_hal_timebase_tim.o
LOAD build/stm32h7xx_it.o
LOAD build/syscalls.o
LOAD build/system_stm32h7xx.o
LOAD build/tim.o
LOAD build/stm32h7xx_hal.o
LOAD build/stm32h7xx_hal_cortex.o
LOAD build/stm32h7xx_hal_dma.o
LOAD build/stm32h7xx_hal_dma_ex.o
LOAD build/stm32h7xx_hal_exti.o
LOAD build/stm32h7xx_hal_flash.o
LOAD build/stm32h7xx_hal_flash_ex.o
LOAD build/stm32h7xx_hal_gpio.o
LOAD build/stm32h7xx_hal_hsem.o
LOAD build/stm32h7xx_hal_i2c.o
LOAD build/stm32h7xx_hal_i2c_ex.o
LOAD build/stm32h7xx_hal_mdma.o
LOAD build/stm32h7xx_hal_pcd.o
LOAD build/stm32h7xx_hal_pcd_ex.o
LOAD build/stm32h7xx_hal_pwr.o
LOAD build/stm32h7xx_hal_pwr_ex.o
LOAD build/stm32h7xx_hal_rcc.o
LOAD build/stm32h7xx_hal_rcc_ex.o
LOAD build/stm32h7xx_hal_spi.o
LOAD build/stm32h7xx_hal_spi_ex.o
LOAD build/stm32h7xx_hal_tim.o
LOAD build/stm32h7xx_hal_tim_ex.o
LOAD build/stm32h7xx_ll_usb.o
LOAD build/usbd_customhid.o
LOAD build/usbd_core.o
LOAD build/usbd_ctlreq.o
LOAD build/usbd_ioreq.o
LOAD build/cmsis_os2.o
LOAD build/croutine.o
LOAD build/event_groups.o
LOAD build/list.o
LOAD build/port.o
LOAD build/heap_4.o
LOAD build/queue.o
LOAD build/stream_buffer.o
LOAD build/tasks.o
LOAD build/timers.o
LOAD build/usb_device.o
LOAD build/usbd_custom_hid_if.o
LOAD build/usbd_desc.o
LOAD build/usbd_conf.o
LOAD build/startup_stm32h743xx.o
LOAD d:/tool/gcc-arm-none-eabi/bin/../lib/gcc/arm-none-eabi/10.3.1/../../../../arm-none-eabi/lib/thumb/v7e-m+dp/hard\libc_nano.a
LOAD d:/tool/gcc-arm-none-eabi/bin/../lib/gcc/arm-none-eabi/10.3.1/../../../../arm-none-eabi/lib/thumb/v7e-m+dp/hard\libm.a
LOAD d:/tool/gcc-arm-none-eabi/bin/../lib/gcc/arm-none-eabi/10.3.1/../../../../arm-none-eabi/lib/thumb/v7e-m+dp/hard\libnosys.a
START GROUP
LOAD d:/tool/gcc-arm-none-eabi/bin/../lib/gcc/arm-none-eabi/10.3.1/thumb/v7e-m+dp/hard\libgcc.a
LOAD d:/tool/gcc-arm-none-eabi/bin/../lib/gcc/arm-none-eabi/10.3.1/../../../../arm-none-eabi/lib/thumb/v7e-m+dp/hard\libc_nano.a
END GROUP
START GROUP
LOAD d:/tool/gcc-arm-none-eabi/bin/../lib/gcc/arm-none-eabi/10.3.1/thumb/v7e-m+dp/hard\libgcc.a
LOAD d:/tool/gcc-arm-none-eabi/bin/../lib/gcc/arm-none-eabi/10.3.1/../../../../arm-none-eabi/lib/thumb/v7e-m+dp/hard\libc_nano.a
END GROUP
LOAD d:/tool/gcc-arm-none-eabi/bin/../lib/gcc/arm-none-eabi/10.3.1/thumb/v7e-m+dp/hard/crtend.o
LOAD d:/tool/gcc-arm-none-eabi/bin/../lib/gcc/arm-none-eabi/10.3.1/thumb/v7e-m+dp/hard/crtn.o
                0x20020000                _estack = (ORIGIN (DTCMRAM) + LENGTH (DTCMRAM))
                0x00000400                _Min_Heap_Size = 0x400
                0x00000400                _Min_Stack_Size = 0x400

.isr_vector     0x08000000      0x298
                0x08000000                . = ALIGN (0x4)
 *(.isr_vector)
 .isr_vector    0x08000000      0x298 build/startup_stm32h743xx.o
                0x08000000                g_pfnVectors
                0x08000298                . = ALIGN (0x4)

.text           0x080002a0     0x8924
                0x080002a0                . = ALIGN (0x4)
 *(.text)
 .text          0x080002a0       0x40 d:/tool/gcc-arm-none-eabi/bin/../lib/gcc/arm-none-eabi/10.3.1/thumb/v7e-m+dp/hard/crtbegin.o
 *(.text*)
 .text.ads1299_reg_write
                0x080002e0       0x40 build/ads1299.o
                0x080002e0                ads1299_reg_write
 .text.ads1299_send_cmd
                0x08000320       0x34 build/ads1299.o
                0x08000320                ads1299_send_cmd
 .text.ads1299_all_reg_write_1
                0x08000354       0x54 build/ads1299.o
                0x08000354                ads1299_all_reg_write_1
 .text.ads1299_all_reg_write_2_5
                0x080003a8       0x54 build/ads1299.o
                0x080003a8                ads1299_all_reg_write_2_5
 .text.ads1299_check_init
                0x080003fc       0xf8 build/ads1299.o
                0x080003fc                ads1299_check_init
 .text.all_ads1299_reg_read
                0x080004f4      0x100 build/ads1299.o
                0x080004f4                all_ads1299_reg_read
 .text.calcCRC  0x080005f4       0x24 build/ads1299.o
                0x080005f4                calcCRC
 .text.StartDefaultTask
                0x08000618       0x10 build/freertos.o
                0x08000618                StartDefaultTask
 .text.data_read_func
                0x08000628      0x360 build/freertos.o
                0x08000628                data_read_func
 .text.reg_read_func
                0x08000988       0x54 build/freertos.o
                0x08000988                reg_read_func
 .text.data_send_func
                0x080009dc       0x48 build/freertos.o
                0x080009dc                data_send_func
 .text.self_test_func
                0x08000a24       0x70 build/freertos.o
                0x08000a24                self_test_func
 .text.normal_sig_func
                0x08000a94       0x70 build/freertos.o
                0x08000a94                normal_sig_func
 .text.MX_FREERTOS_Init
                0x08000b04       0xc8 build/freertos.o
                0x08000b04                MX_FREERTOS_Init
 .text.MX_GPIO_Init
                0x08000bcc      0x170 build/gpio.o
                0x08000bcc                MX_GPIO_Init
 .text.HAL_GPIO_EXTI_Callback
                0x08000d3c       0x20 build/gpio.o
                0x08000d3c                HAL_GPIO_EXTI_Callback
 .text.CS_LOW   0x08000d5c       0x58 build/gpio.o
                0x08000d5c                CS_LOW
 .text.CS_HIGH  0x08000db4       0x58 build/gpio.o
                0x08000db4                CS_HIGH
 .text.HAL_TIM_PeriodElapsedCallback
                0x08000e0c       0x18 build/main.o
                0x08000e0c                HAL_TIM_PeriodElapsedCallback
 .text.Error_Handler
                0x08000e24        0x4 build/main.o
                0x08000e24                Error_Handler
 .text.SystemClock_Config
                0x08000e28       0xd8 build/main.o
                0x08000e28                SystemClock_Config
 .text.main     0x08000f00       0x7c build/main.o
                0x08000f00                main
 .text.MX_SPI3_Init
                0x08000f7c       0x60 build/spi.o
                0x08000f7c                MX_SPI3_Init
 .text.HAL_SPI_MspInit
                0x08000fdc       0xe4 build/spi.o
                0x08000fdc                HAL_SPI_MspInit
 .text.HAL_MspInit
                0x080010c0       0x34 build/stm32h7xx_hal_msp.o
                0x080010c0                HAL_MspInit
 .text.HAL_InitTick
                0x080010f4       0x90 build/stm32h7xx_hal_timebase_tim.o
                0x080010f4                HAL_InitTick
 .text.NMI_Handler
                0x08001184        0x2 build/stm32h7xx_it.o
                0x08001184                NMI_Handler
 .text.HardFault_Handler
                0x08001186        0x2 build/stm32h7xx_it.o
                0x08001186                HardFault_Handler
 .text.MemManage_Handler
                0x08001188        0x2 build/stm32h7xx_it.o
                0x08001188                MemManage_Handler
 .text.BusFault_Handler
                0x0800118a        0x2 build/stm32h7xx_it.o
                0x0800118a                BusFault_Handler
 .text.UsageFault_Handler
                0x0800118c        0x2 build/stm32h7xx_it.o
                0x0800118c                UsageFault_Handler
 .text.DebugMon_Handler
                0x0800118e        0x2 build/stm32h7xx_it.o
                0x0800118e                DebugMon_Handler
 .text.EXTI9_5_IRQHandler
                0x08001190        0xc build/stm32h7xx_it.o
                0x08001190                EXTI9_5_IRQHandler
 .text.TIM1_UP_IRQHandler
                0x0800119c       0x10 build/stm32h7xx_it.o
                0x0800119c                TIM1_UP_IRQHandler
 .text.TIM6_DAC_IRQHandler
                0x080011ac       0x10 build/stm32h7xx_it.o
                0x080011ac                TIM6_DAC_IRQHandler
 .text.OTG_HS_IRQHandler
                0x080011bc       0x10 build/stm32h7xx_it.o
                0x080011bc                OTG_HS_IRQHandler
 .text.SystemInit
                0x080011cc       0xcc build/system_stm32h7xx.o
                0x080011cc                SystemInit
 .text.MX_TIM6_Init
                0x08001298       0x54 build/tim.o
                0x08001298                MX_TIM6_Init
 .text.HAL_TIM_Base_MspInit
                0x080012ec       0x48 build/tim.o
                0x080012ec                HAL_TIM_Base_MspInit
 .text.HAL_Init
                0x08001334       0x5c build/stm32h7xx_hal.o
                0x08001334                HAL_Init
 .text.HAL_IncTick
                0x08001390       0x18 build/stm32h7xx_hal.o
                0x08001390                HAL_IncTick
 .text.HAL_GetTick
                0x080013a8        0xc build/stm32h7xx_hal.o
                0x080013a8                HAL_GetTick
 .text.HAL_Delay
                0x080013b4       0x28 build/stm32h7xx_hal.o
                0x080013b4                HAL_Delay
 .text.HAL_GetREVID
                0x080013dc        0xc build/stm32h7xx_hal.o
                0x080013dc                HAL_GetREVID
 .text.HAL_NVIC_SetPriorityGrouping
                0x080013e8       0x24 build/stm32h7xx_hal_cortex.o
                0x080013e8                HAL_NVIC_SetPriorityGrouping
 .text.HAL_NVIC_SetPriority
                0x0800140c       0x6c build/stm32h7xx_hal_cortex.o
                0x0800140c                HAL_NVIC_SetPriority
 .text.HAL_NVIC_EnableIRQ
                0x08001478       0x1c build/stm32h7xx_hal_cortex.o
                0x08001478                HAL_NVIC_EnableIRQ
 .text.HAL_GPIO_Init
                0x08001494      0x220 build/stm32h7xx_hal_gpio.o
                0x08001494                HAL_GPIO_Init
 .text.HAL_GPIO_WritePin
                0x080016b4        0xc build/stm32h7xx_hal_gpio.o
                0x080016b4                HAL_GPIO_WritePin
 .text.HAL_GPIO_EXTI_IRQHandler
                0x080016c0       0x1e build/stm32h7xx_hal_gpio.o
                0x080016c0                HAL_GPIO_EXTI_IRQHandler
 .text.PCD_WriteEmptyTxFifo
                0x080016de       0xd0 build/stm32h7xx_hal_pcd.o
 .text.HAL_PCD_Init
                0x080017ae      0x13c build/stm32h7xx_hal_pcd.o
                0x080017ae                HAL_PCD_Init
 .text.HAL_PCD_Start
                0x080018ea       0x42 build/stm32h7xx_hal_pcd.o
                0x080018ea                HAL_PCD_Start
 .text.PCD_EP_OutXfrComplete_int
                0x0800192c       0xf4 build/stm32h7xx_hal_pcd.o
 .text.PCD_EP_OutSetupPacket_int
                0x08001a20       0x50 build/stm32h7xx_hal_pcd.o
 .text.HAL_PCD_IRQHandler
                0x08001a70      0x4b6 build/stm32h7xx_hal_pcd.o
                0x08001a70                HAL_PCD_IRQHandler
 .text.HAL_PCD_SetAddress
                0x08001f26       0x28 build/stm32h7xx_hal_pcd.o
                0x08001f26                HAL_PCD_SetAddress
 .text.HAL_PCD_EP_Open
                0x08001f4e       0x8a build/stm32h7xx_hal_pcd.o
                0x08001f4e                HAL_PCD_EP_Open
 .text.HAL_PCD_EP_Close
                0x08001fd8       0x72 build/stm32h7xx_hal_pcd.o
                0x08001fd8                HAL_PCD_EP_Close
 .text.HAL_PCD_EP_Receive
                0x0800204a       0x5e build/stm32h7xx_hal_pcd.o
                0x0800204a                HAL_PCD_EP_Receive
 .text.HAL_PCD_EP_Transmit
                0x080020a8       0x5e build/stm32h7xx_hal_pcd.o
                0x080020a8                HAL_PCD_EP_Transmit
 .text.HAL_PCD_EP_SetStall
                0x08002106       0x88 build/stm32h7xx_hal_pcd.o
                0x08002106                HAL_PCD_EP_SetStall
 .text.HAL_PCD_EP_ClrStall
                0x0800218e       0x76 build/stm32h7xx_hal_pcd.o
                0x0800218e                HAL_PCD_EP_ClrStall
 .text.HAL_PCDEx_SetTxFiFo
                0x08002204       0x4c build/stm32h7xx_hal_pcd_ex.o
                0x08002204                HAL_PCDEx_SetTxFiFo
 .text.HAL_PCDEx_SetRxFiFo
                0x08002250        0x8 build/stm32h7xx_hal_pcd_ex.o
                0x08002250                HAL_PCDEx_SetRxFiFo
 .text.HAL_PCDEx_ActivateLPM
                0x08002258       0x28 build/stm32h7xx_hal_pcd_ex.o
                0x08002258                HAL_PCDEx_ActivateLPM
 .text.HAL_PCDEx_LPM_Callback
                0x08002280        0x2 build/stm32h7xx_hal_pcd_ex.o
                0x08002280                HAL_PCDEx_LPM_Callback
 *fill*         0x08002282        0x2 
 .text.HAL_PWREx_ConfigSupply
                0x08002284       0x54 build/stm32h7xx_hal_pwr_ex.o
                0x08002284                HAL_PWREx_ConfigSupply
 .text.HAL_PWREx_EnableUSBVoltageDetector
                0x080022d8       0x10 build/stm32h7xx_hal_pwr_ex.o
                0x080022d8                HAL_PWREx_EnableUSBVoltageDetector
 .text.HAL_RCC_OscConfig
                0x080022e8      0x674 build/stm32h7xx_hal_rcc.o
                0x080022e8                HAL_RCC_OscConfig
 .text.HAL_RCC_GetSysClockFreq
                0x0800295c      0x1f4 build/stm32h7xx_hal_rcc.o
                0x0800295c                HAL_RCC_GetSysClockFreq
 .text.HAL_RCC_ClockConfig
                0x08002b50      0x294 build/stm32h7xx_hal_rcc.o
                0x08002b50                HAL_RCC_ClockConfig
 .text.HAL_RCC_GetHCLKFreq
                0x08002de4       0x44 build/stm32h7xx_hal_rcc.o
                0x08002de4                HAL_RCC_GetHCLKFreq
 .text.HAL_RCC_GetPCLK2Freq
                0x08002e28       0x24 build/stm32h7xx_hal_rcc.o
                0x08002e28                HAL_RCC_GetPCLK2Freq
 .text.HAL_RCC_GetClockConfig
                0x08002e4c       0x54 build/stm32h7xx_hal_rcc.o
                0x08002e4c                HAL_RCC_GetClockConfig
 .text.RCCEx_PLL2_Config
                0x08002ea0      0x10c build/stm32h7xx_hal_rcc_ex.o
 .text.RCCEx_PLL3_Config
                0x08002fac      0x10c build/stm32h7xx_hal_rcc_ex.o
 .text.HAL_RCCEx_PeriphCLKConfig
                0x080030b8      0x9c4 build/stm32h7xx_hal_rcc_ex.o
                0x080030b8                HAL_RCCEx_PeriphCLKConfig
 .text.SPI_CloseTransfer
                0x08003a7c       0xd0 build/stm32h7xx_hal_spi.o
 .text.SPI_GetPacketSize
                0x08003b4c       0x10 build/stm32h7xx_hal_spi.o
 .text.SPI_WaitOnFlagUntilTimeout
                0x08003b5c       0x48 build/stm32h7xx_hal_spi.o
 .text.HAL_SPI_Init
                0x08003ba4      0x168 build/stm32h7xx_hal_spi.o
                0x08003ba4                HAL_SPI_Init
 .text.HAL_SPI_Transmit
                0x08003d0c      0x2c4 build/stm32h7xx_hal_spi.o
                0x08003d0c                HAL_SPI_Transmit
 .text.HAL_SPI_TransmitReceive
                0x08003fd0      0x420 build/stm32h7xx_hal_spi.o
                0x08003fd0                HAL_SPI_TransmitReceive
 .text.HAL_TIM_Base_Start_IT
                0x080043f0       0x90 build/stm32h7xx_hal_tim.o
                0x080043f0                HAL_TIM_Base_Start_IT
 .text.HAL_TIM_OC_DelayElapsedCallback
                0x08004480        0x2 build/stm32h7xx_hal_tim.o
                0x08004480                HAL_TIM_OC_DelayElapsedCallback
 .text.HAL_TIM_IC_CaptureCallback
                0x08004482        0x2 build/stm32h7xx_hal_tim.o
                0x08004482                HAL_TIM_IC_CaptureCallback
 .text.HAL_TIM_PWM_PulseFinishedCallback
                0x08004484        0x2 build/stm32h7xx_hal_tim.o
                0x08004484                HAL_TIM_PWM_PulseFinishedCallback
 .text.HAL_TIM_TriggerCallback
                0x08004486        0x2 build/stm32h7xx_hal_tim.o
                0x08004486                HAL_TIM_TriggerCallback
 .text.HAL_TIM_IRQHandler
                0x08004488      0x19a build/stm32h7xx_hal_tim.o
                0x08004488                HAL_TIM_IRQHandler
 *fill*         0x08004622        0x2 
 .text.TIM_Base_SetConfig
                0x08004624      0x104 build/stm32h7xx_hal_tim.o
                0x08004624                TIM_Base_SetConfig
 .text.HAL_TIM_Base_Init
                0x08004728       0x60 build/stm32h7xx_hal_tim.o
                0x08004728                HAL_TIM_Base_Init
 .text.HAL_TIMEx_MasterConfigSynchronization
                0x08004788       0xa0 build/stm32h7xx_hal_tim_ex.o
                0x08004788                HAL_TIMEx_MasterConfigSynchronization
 .text.HAL_TIMEx_CommutCallback
                0x08004828        0x2 build/stm32h7xx_hal_tim_ex.o
                0x08004828                HAL_TIMEx_CommutCallback
 .text.HAL_TIMEx_BreakCallback
                0x0800482a        0x2 build/stm32h7xx_hal_tim_ex.o
                0x0800482a                HAL_TIMEx_BreakCallback
 .text.HAL_TIMEx_Break2Callback
                0x0800482c        0x2 build/stm32h7xx_hal_tim_ex.o
                0x0800482c                HAL_TIMEx_Break2Callback
 *fill*         0x0800482e        0x2 
 .text.USB_CoreReset
                0x08004830       0x4c build/stm32h7xx_ll_usb.o
 .text.USB_CoreInit
                0x0800487c       0x9c build/stm32h7xx_ll_usb.o
                0x0800487c                USB_CoreInit
 .text.USB_SetTurnaroundTime
                0x08004918       0xe4 build/stm32h7xx_ll_usb.o
                0x08004918                USB_SetTurnaroundTime
 .text.USB_EnableGlobalInt
                0x080049fc        0xc build/stm32h7xx_ll_usb.o
                0x080049fc                USB_EnableGlobalInt
 .text.USB_DisableGlobalInt
                0x08004a08        0xc build/stm32h7xx_ll_usb.o
                0x08004a08                USB_DisableGlobalInt
 .text.USB_FlushTxFifo
                0x08004a14       0x4c build/stm32h7xx_ll_usb.o
                0x08004a14                USB_FlushTxFifo
 .text.USB_FlushRxFifo
                0x08004a60       0x48 build/stm32h7xx_ll_usb.o
                0x08004a60                USB_FlushRxFifo
 .text.USB_SetDevSpeed
                0x08004aa8        0xe build/stm32h7xx_ll_usb.o
                0x08004aa8                USB_SetDevSpeed
 *fill*         0x08004ab6        0x2 
 .text.USB_DevInit
                0x08004ab8      0x188 build/stm32h7xx_ll_usb.o
                0x08004ab8                USB_DevInit
 .text.USB_GetDevSpeed
                0x08004c40       0x1e build/stm32h7xx_ll_usb.o
                0x08004c40                USB_GetDevSpeed
 *fill*         0x08004c5e        0x2 
 .text.USB_ActivateEndpoint
                0x08004c60       0x9c build/stm32h7xx_ll_usb.o
                0x08004c60                USB_ActivateEndpoint
 .text.USB_DeactivateEndpoint
                0x08004cfc       0xe0 build/stm32h7xx_ll_usb.o
                0x08004cfc                USB_DeactivateEndpoint
 .text.USB_EP0StartXfer
                0x08004ddc      0x11c build/stm32h7xx_ll_usb.o
                0x08004ddc                USB_EP0StartXfer
 .text.USB_WritePacket
                0x08004ef8       0x2e build/stm32h7xx_ll_usb.o
                0x08004ef8                USB_WritePacket
 *fill*         0x08004f26        0x2 
 .text.USB_EPStartXfer
                0x08004f28      0x234 build/stm32h7xx_ll_usb.o
                0x08004f28                USB_EPStartXfer
 .text.USB_ReadPacket
                0x0800515c       0x54 build/stm32h7xx_ll_usb.o
                0x0800515c                USB_ReadPacket
 .text.USB_EPSetStall
                0x080051b0       0x5a build/stm32h7xx_ll_usb.o
                0x080051b0                USB_EPSetStall
 .text.USB_EPClearStall
                0x0800520a       0x5c build/stm32h7xx_ll_usb.o
                0x0800520a                USB_EPClearStall
 .text.USB_SetDevAddress
                0x08005266       0x20 build/stm32h7xx_ll_usb.o
                0x08005266                USB_SetDevAddress
 .text.USB_DevConnect
                0x08005286       0x1c build/stm32h7xx_ll_usb.o
                0x08005286                USB_DevConnect
 .text.USB_DevDisconnect
                0x080052a2       0x1c build/stm32h7xx_ll_usb.o
                0x080052a2                USB_DevDisconnect
 .text.USB_ReadInterrupts
                0x080052be        0x8 build/stm32h7xx_ll_usb.o
                0x080052be                USB_ReadInterrupts
 .text.USB_ReadDevAllOutEpInterrupt
                0x080052c6       0x10 build/stm32h7xx_ll_usb.o
                0x080052c6                USB_ReadDevAllOutEpInterrupt
 .text.USB_ReadDevAllInEpInterrupt
                0x080052d6       0x10 build/stm32h7xx_ll_usb.o
                0x080052d6                USB_ReadDevAllInEpInterrupt
 .text.USB_ReadDevOutEPInterrupt
                0x080052e6       0x12 build/stm32h7xx_ll_usb.o
                0x080052e6                USB_ReadDevOutEPInterrupt
 .text.USB_ReadDevInEPInterrupt
                0x080052f8       0x28 build/stm32h7xx_ll_usb.o
                0x080052f8                USB_ReadDevInEPInterrupt
 .text.USB_GetMode
                0x08005320        0x8 build/stm32h7xx_ll_usb.o
                0x08005320                USB_GetMode
 .text.USB_SetCurrentMode
                0x08005328       0x62 build/stm32h7xx_ll_usb.o
                0x08005328                USB_SetCurrentMode
 *fill*         0x0800538a        0x2 
 .text.USB_ActivateSetup
                0x0800538c       0x20 build/stm32h7xx_ll_usb.o
                0x0800538c                USB_ActivateSetup
 .text.USB_EP0_OutStart
                0x080053ac       0x60 build/stm32h7xx_ll_usb.o
                0x080053ac                USB_EP0_OutStart
 .text.USBD_CUSTOM_HID_GetFSCfgDesc
                0x0800540c        0xc build/usbd_customhid.o
 .text.USBD_CUSTOM_HID_GetHSCfgDesc
                0x08005418        0xc build/usbd_customhid.o
 .text.USBD_CUSTOM_HID_GetOtherSpeedCfgDesc
                0x08005424        0xc build/usbd_customhid.o
 .text.USBD_CUSTOM_HID_DataIn
                0x08005430        0xa build/usbd_customhid.o
 .text.USBD_CUSTOM_HID_DataOut
                0x0800543a       0x1c build/usbd_customhid.o
 .text.USBD_CUSTOM_HID_EP0_RxReady
                0x08005456       0x28 build/usbd_customhid.o
 *fill*         0x0800547e        0x2 
 .text.USBD_CUSTOM_HID_GetDeviceQualifierDesc
                0x08005480        0xc build/usbd_customhid.o
 .text.USBD_CUSTOM_HID_Setup
                0x0800548c      0x134 build/usbd_customhid.o
 .text.USBD_CUSTOM_HID_DeInit
                0x080055c0       0x3e build/usbd_customhid.o
 .text.USBD_CUSTOM_HID_Init
                0x080055fe       0x72 build/usbd_customhid.o
 .text.USBD_CUSTOM_HID_SendReport
                0x08005670       0x3c build/usbd_customhid.o
                0x08005670                USBD_CUSTOM_HID_SendReport
 .text.USBD_CUSTOM_HID_ReceivePacket
                0x080056ac       0x18 build/usbd_customhid.o
                0x080056ac                USBD_CUSTOM_HID_ReceivePacket
 .text.USBD_CUSTOM_HID_RegisterInterface
                0x080056c4        0xe build/usbd_customhid.o
                0x080056c4                USBD_CUSTOM_HID_RegisterInterface
 .text.USBD_Init
                0x080056d2       0x2e build/usbd_core.o
                0x080056d2                USBD_Init
 .text.USBD_RegisterClass
                0x08005700       0x2e build/usbd_core.o
                0x08005700                USBD_RegisterClass
 .text.USBD_Start
                0x0800572e        0x8 build/usbd_core.o
                0x0800572e                USBD_Start
 .text.USBD_SetClassConfig
                0x08005736       0x12 build/usbd_core.o
                0x08005736                USBD_SetClassConfig
 .text.USBD_ClrClassConfig
                0x08005748       0x10 build/usbd_core.o
                0x08005748                USBD_ClrClassConfig
 .text.USBD_LL_SetupStage
                0x08005758       0x58 build/usbd_core.o
                0x08005758                USBD_LL_SetupStage
 .text.USBD_LL_DataOutStage
                0x080057b0       0x78 build/usbd_core.o
                0x080057b0                USBD_LL_DataOutStage
 .text.USBD_LL_DataInStage
                0x08005828       0xbe build/usbd_core.o
                0x08005828                USBD_LL_DataInStage
 .text.USBD_LL_Reset
                0x080058e6       0x5a build/usbd_core.o
                0x080058e6                USBD_LL_Reset
 .text.USBD_LL_SetSpeed
                0x08005940        0x6 build/usbd_core.o
                0x08005940                USBD_LL_SetSpeed
 .text.USBD_LL_Suspend
                0x08005946       0x14 build/usbd_core.o
                0x08005946                USBD_LL_Suspend
 .text.USBD_LL_Resume
                0x0800595a       0x1a build/usbd_core.o
                0x0800595a                USBD_LL_Resume
 .text.USBD_LL_SOF
                0x08005974       0x28 build/usbd_core.o
                0x08005974                USBD_LL_SOF
 .text.USBD_LL_IsoINIncomplete
                0x0800599c       0x28 build/usbd_core.o
                0x0800599c                USBD_LL_IsoINIncomplete
 .text.USBD_LL_IsoOUTIncomplete
                0x080059c4       0x28 build/usbd_core.o
                0x080059c4                USBD_LL_IsoOUTIncomplete
 .text.USBD_LL_DevConnected
                0x080059ec        0x4 build/usbd_core.o
                0x080059ec                USBD_LL_DevConnected
 .text.USBD_LL_DevDisconnected
                0x080059f0       0x18 build/usbd_core.o
                0x080059f0                USBD_LL_DevDisconnected
 .text.USBD_GetLen
                0x08005a08       0x14 build/usbd_ctlreq.o
 .text.USBD_SetFeature
                0x08005a1c       0x14 build/usbd_ctlreq.o
 .text.USBD_ParseSetupRequest
                0x08005a30       0x28 build/usbd_ctlreq.o
                0x08005a30                USBD_ParseSetupRequest
 .text.USBD_CtlError
                0x08005a58       0x14 build/usbd_ctlreq.o
                0x08005a58                USBD_CtlError
 .text.USBD_GetDescriptor
                0x08005a6c      0x18a build/usbd_ctlreq.o
 .text.USBD_SetAddress
                0x08005bf6       0x50 build/usbd_ctlreq.o
 *fill*         0x08005c46        0x2 
 .text.USBD_SetConfig
                0x08005c48       0xc8 build/usbd_ctlreq.o
 .text.USBD_GetConfig
                0x08005d10       0x40 build/usbd_ctlreq.o
 .text.USBD_GetStatus
                0x08005d50       0x38 build/usbd_ctlreq.o
 .text.USBD_ClrFeature
                0x08005d88       0x26 build/usbd_ctlreq.o
 .text.USBD_StdDevReq
                0x08005dae       0x70 build/usbd_ctlreq.o
                0x08005dae                USBD_StdDevReq
 .text.USBD_StdItfReq
                0x08005e1e       0x68 build/usbd_ctlreq.o
                0x08005e1e                USBD_StdItfReq
 .text.USBD_StdEPReq
                0x08005e86      0x1f2 build/usbd_ctlreq.o
                0x08005e86                USBD_StdEPReq
 .text.USBD_GetString
                0x08006078       0x3a build/usbd_ctlreq.o
                0x08006078                USBD_GetString
 .text.USBD_CtlSendData
                0x080060b2       0x1a build/usbd_ioreq.o
                0x080060b2                USBD_CtlSendData
 .text.USBD_CtlContinueSendData
                0x080060cc       0x10 build/usbd_ioreq.o
                0x080060cc                USBD_CtlContinueSendData
 .text.USBD_CtlPrepareRx
                0x080060dc       0x1e build/usbd_ioreq.o
                0x080060dc                USBD_CtlPrepareRx
 .text.USBD_CtlContinueRx
                0x080060fa       0x10 build/usbd_ioreq.o
                0x080060fa                USBD_CtlContinueRx
 .text.USBD_CtlSendStatus
                0x0800610a       0x16 build/usbd_ioreq.o
                0x0800610a                USBD_CtlSendStatus
 .text.USBD_CtlReceiveStatus
                0x08006120       0x16 build/usbd_ioreq.o
                0x08006120                USBD_CtlReceiveStatus
 .text.SysTick_Handler
                0x08006136       0x18 build/cmsis_os2.o
                0x08006136                SysTick_Handler
 *fill*         0x0800614e        0x2 
 .text.osKernelInitialize
                0x08006150       0x24 build/cmsis_os2.o
                0x08006150                osKernelInitialize
 .text.osKernelStart
                0x08006174       0x38 build/cmsis_os2.o
                0x08006174                osKernelStart
 .text.osThreadNew
                0x080061ac       0xbc build/cmsis_os2.o
                0x080061ac                osThreadNew
 .text.osDelay  0x08006268       0x1c build/cmsis_os2.o
                0x08006268                osDelay
 .text.osEventFlagsNew
                0x08006284       0x44 build/cmsis_os2.o
                0x08006284                osEventFlagsNew
 .text.osEventFlagsSet
                0x080062c8       0x5a build/cmsis_os2.o
                0x080062c8                osEventFlagsSet
 .text.osEventFlagsClear
                0x08006322       0x40 build/cmsis_os2.o
                0x08006322                osEventFlagsClear
 .text.osEventFlagsWait
                0x08006362       0x76 build/cmsis_os2.o
                0x08006362                osEventFlagsWait
 .text.osSemaphoreNew
                0x080063d8       0xb8 build/cmsis_os2.o
                0x080063d8                osSemaphoreNew
 .text.vApplicationGetIdleTaskMemory
                0x08006490       0x18 build/cmsis_os2.o
                0x08006490                vApplicationGetIdleTaskMemory
 .text.vApplicationGetTimerTaskMemory
                0x080064a8       0x18 build/cmsis_os2.o
                0x080064a8                vApplicationGetTimerTaskMemory
 .text.prvTestWaitCondition
                0x080064c0       0x1c build/event_groups.o
 .text.xEventGroupCreateStatic
                0x080064dc       0x4a build/event_groups.o
                0x080064dc                xEventGroupCreateStatic
 .text.xEventGroupCreate
                0x08006526       0x1c build/event_groups.o
                0x08006526                xEventGroupCreate
 .text.xEventGroupWaitBits
                0x08006542      0x108 build/event_groups.o
                0x08006542                xEventGroupWaitBits
 .text.xEventGroupClearBits
                0x0800664a       0x46 build/event_groups.o
                0x0800664a                xEventGroupClearBits
 .text.vEventGroupClearBitsCallback
                0x08006690        0x8 build/event_groups.o
                0x08006690                vEventGroupClearBitsCallback
 .text.xEventGroupClearBitsFromISR
                0x08006698       0x14 build/event_groups.o
                0x08006698                xEventGroupClearBitsFromISR
 .text.xEventGroupGetBitsFromISR
                0x080066ac       0x1c build/event_groups.o
                0x080066ac                xEventGroupGetBitsFromISR
 .text.xEventGroupSetBits
                0x080066c8       0x8c build/event_groups.o
                0x080066c8                xEventGroupSetBits
 .text.vEventGroupSetBitsCallback
                0x08006754        0x8 build/event_groups.o
                0x08006754                vEventGroupSetBitsCallback
 .text.xEventGroupSetBitsFromISR
                0x0800675c       0x14 build/event_groups.o
                0x0800675c                xEventGroupSetBitsFromISR
 .text.vListInitialise
                0x08006770       0x16 build/list.o
                0x08006770                vListInitialise
 .text.vListInitialiseItem
                0x08006786        0x6 build/list.o
                0x08006786                vListInitialiseItem
 .text.vListInsertEnd
                0x0800678c       0x16 build/list.o
                0x0800678c                vListInsertEnd
 .text.vListInsert
                0x080067a2       0x32 build/list.o
                0x080067a2                vListInsert
 .text.uxListRemove
                0x080067d4       0x26 build/list.o
                0x080067d4                uxListRemove
 *fill*         0x080067fa        0x2 
 .text.prvTaskExitError
                0x080067fc       0x40 build/port.o
 .text.prvPortStartFirstTask
                0x0800683c       0x28 build/port.o
 .text.vPortEnableVFP
                0x08006864       0x14 build/port.o
 .text.pxPortInitialiseStack
                0x08006878       0x2c build/port.o
                0x08006878                pxPortInitialiseStack
 *fill*         0x080068a4        0xc 
 .text.SVC_Handler
                0x080068b0       0x24 build/port.o
                0x080068b0                SVC_Handler
 .text.vPortEnterCritical
                0x080068d4       0x44 build/port.o
                0x080068d4                vPortEnterCritical
 .text.vPortExitCritical
                0x08006918       0x2c build/port.o
                0x08006918                vPortExitCritical
 *fill*         0x08006944        0xc 
 .text.PendSV_Handler
                0x08006950       0x64 build/port.o
                0x08006950                PendSV_Handler
 .text.xPortSysTickHandler
                0x080069b4       0x2c build/port.o
                0x080069b4                xPortSysTickHandler
 .text.vPortSetupTimerInterrupt
                0x080069e0       0x28 build/port.o
                0x080069e0                vPortSetupTimerInterrupt
 .text.xPortStartScheduler
                0x08006a08      0x118 build/port.o
                0x08006a08                xPortStartScheduler
 .text.vPortValidateInterruptPriority
                0x08006b20       0x5c build/port.o
                0x08006b20                vPortValidateInterruptPriority
 .text.prvHeapInit
                0x08006b7c       0x64 build/heap_4.o
 .text.prvInsertBlockIntoFreeList
                0x08006be0       0x64 build/heap_4.o
 .text.pvPortMalloc
                0x08006c44       0xfc build/heap_4.o
                0x08006c44                pvPortMalloc
 .text.vPortFree
                0x08006d40       0x7c build/heap_4.o
                0x08006d40                vPortFree
 .text.prvIsQueueFull
                0x08006dbc       0x1e build/queue.o
 .text.prvIsQueueEmpty
                0x08006dda       0x1a build/queue.o
 .text.prvCopyDataToQueue
                0x08006df4       0x76 build/queue.o
 .text.prvCopyDataFromQueue
                0x08006e6a       0x24 build/queue.o
 .text.prvUnlockQueue
                0x08006e8e       0x6e build/queue.o
 .text.xQueueGenericReset
                0x08006efc       0x84 build/queue.o
                0x08006efc                xQueueGenericReset
 .text.prvInitialiseNewQueue
                0x08006f80       0x22 build/queue.o
 .text.xQueueGenericCreateStatic
                0x08006fa2       0xa6 build/queue.o
                0x08006fa2                xQueueGenericCreateStatic
 .text.xQueueGenericCreate
                0x08007048       0x48 build/queue.o
                0x08007048                xQueueGenericCreate
 .text.xQueueCreateCountingSemaphoreStatic
                0x08007090       0x46 build/queue.o
                0x08007090                xQueueCreateCountingSemaphoreStatic
 .text.xQueueCreateCountingSemaphore
                0x080070d6       0x3c build/queue.o
                0x080070d6                xQueueCreateCountingSemaphore
 .text.xQueueGenericSend
                0x08007112      0x188 build/queue.o
                0x08007112                xQueueGenericSend
 .text.xQueueGenericSendFromISR
                0x0800729a       0xce build/queue.o
                0x0800729a                xQueueGenericSendFromISR
 .text.xQueueReceive
                0x08007368      0x15e build/queue.o
                0x08007368                xQueueReceive
 *fill*         0x080074c6        0x2 
 .text.vQueueAddToRegistry
                0x080074c8       0x28 build/queue.o
                0x080074c8                vQueueAddToRegistry
 .text.vQueueUnregisterQueue
                0x080074f0       0x2c build/queue.o
                0x080074f0                vQueueUnregisterQueue
 .text.vQueueDelete
                0x0800751c       0x2c build/queue.o
                0x0800751c                vQueueDelete
 .text.vQueueWaitForMessageRestricted
                0x08007548       0x52 build/queue.o
                0x08007548                vQueueWaitForMessageRestricted
 *fill*         0x0800759a        0x2 
 .text.prvResetNextTaskUnblockTime
                0x0800759c       0x2c build/tasks.o
 .text.prvInitialiseNewTask
                0x080075c8       0xa6 build/tasks.o
 *fill*         0x0800766e        0x2 
 .text.prvInitialiseTaskLists
                0x08007670       0x68 build/tasks.o
 .text.prvAddNewTaskToReadyList
                0x080076d8       0xac build/tasks.o
 .text.prvDeleteTCB
                0x08007784       0x38 build/tasks.o
 .text.prvCheckTasksWaitingTermination
                0x080077bc       0x4c build/tasks.o
 .text.prvIdleTask
                0x08007808       0x28 build/tasks.o
 .text.prvAddCurrentTaskToDelayedList
                0x08007830       0x84 build/tasks.o
 .text.xTaskCreateStatic
                0x080078b4       0x76 build/tasks.o
                0x080078b4                xTaskCreateStatic
 .text.xTaskCreate
                0x0800792a       0x68 build/tasks.o
                0x0800792a                xTaskCreate
 *fill*         0x08007992        0x2 
 .text.vTaskStartScheduler
                0x08007994       0x9c build/tasks.o
                0x08007994                vTaskStartScheduler
 .text.vTaskSuspendAll
                0x08007a30       0x10 build/tasks.o
                0x08007a30                vTaskSuspendAll
 .text.xTaskGetTickCount
                0x08007a40        0xc build/tasks.o
                0x08007a40                xTaskGetTickCount
 .text.xTaskIncrementTick
                0x08007a4c      0x118 build/tasks.o
                0x08007a4c                xTaskIncrementTick
 .text.xTaskResumeAll
                0x08007b64       0xf8 build/tasks.o
                0x08007b64                xTaskResumeAll
 .text.vTaskDelay
                0x08007c5c       0x4c build/tasks.o
                0x08007c5c                vTaskDelay
 .text.vTaskSwitchContext
                0x08007ca8       0x94 build/tasks.o
                0x08007ca8                vTaskSwitchContext
 .text.vTaskPlaceOnEventList
                0x08007d3c       0x30 build/tasks.o
                0x08007d3c                vTaskPlaceOnEventList
 .text.vTaskPlaceOnUnorderedEventList
                0x08007d6c       0x58 build/tasks.o
                0x08007d6c                vTaskPlaceOnUnorderedEventList
 .text.vTaskPlaceOnEventListRestricted
                0x08007dc4       0x38 build/tasks.o
                0x08007dc4                vTaskPlaceOnEventListRestricted
 .text.xTaskRemoveFromEventList
                0x08007dfc       0x8c build/tasks.o
                0x08007dfc                xTaskRemoveFromEventList
 .text.vTaskRemoveFromUnorderedEventList
                0x08007e88       0x88 build/tasks.o
                0x08007e88                vTaskRemoveFromUnorderedEventList
 .text.vTaskInternalSetTimeOutState
                0x08007f10       0x18 build/tasks.o
                0x08007f10                vTaskInternalSetTimeOutState
 .text.xTaskCheckForTimeOut
                0x08007f28       0x84 build/tasks.o
                0x08007f28                xTaskCheckForTimeOut
 .text.vTaskMissedYield
                0x08007fac        0xc build/tasks.o
                0x08007fac                vTaskMissedYield
 .text.xTaskGetSchedulerState
                0x08007fb8       0x20 build/tasks.o
                0x08007fb8                xTaskGetSchedulerState
 .text.xTaskPriorityDisinherit
                0x08007fd8       0x90 build/tasks.o
                0x08007fd8                xTaskPriorityDisinherit
 .text.uxTaskResetEventItemValue
                0x08008068       0x18 build/tasks.o
                0x08008068                uxTaskResetEventItemValue
 .text.prvGetNextExpireTime
                0x08008080       0x20 build/timers.o
 .text.prvInsertTimerInActiveList
                0x080080a0       0x50 build/timers.o
 .text.prvCheckForValidListAndQueue
                0x080080f0       0x70 build/timers.o
 .text.xTimerCreateTimerTask
                0x08008160       0x64 build/timers.o
                0x08008160                xTimerCreateTimerTask
 .text.xTimerGenericCommand
                0x080081c4       0x6c build/timers.o
                0x080081c4                xTimerGenericCommand
 .text.prvSwitchTimerLists
                0x08008230       0x7c build/timers.o
 .text.prvSampleTimeNow
                0x080082ac       0x2c build/timers.o
 .text.prvProcessExpiredTimer
                0x080082d8       0x6c build/timers.o
 .text.prvProcessTimerOrBlockTask
                0x08008344       0x78 build/timers.o
 .text.prvProcessReceivedCommands
                0x080083bc      0x10c build/timers.o
 .text.prvTimerTask
                0x080084c8       0x16 build/timers.o
 *fill*         0x080084de        0x2 
 .text.xTimerPendFunctionCallFromISR
                0x080084e0       0x28 build/timers.o
                0x080084e0                xTimerPendFunctionCallFromISR
 .text.MX_USB_DEVICE_Init
                0x08008508       0x58 build/usb_device.o
                0x08008508                MX_USB_DEVICE_Init
 .text.CUSTOM_HID_Init_HS
                0x08008560        0x4 build/usbd_custom_hid_if.o
 .text.CUSTOM_HID_DeInit_HS
                0x08008564        0x4 build/usbd_custom_hid_if.o
 .text.CUSTOM_HID_OutEvent_HS
                0x08008568       0xb4 build/usbd_custom_hid_if.o
 .text.USBD_CUSTOM_HID_SendReport_HS
                0x0800861c       0x14 build/usbd_custom_hid_if.o
                0x0800861c                USBD_CUSTOM_HID_SendReport_HS
 .text.USBD_HS_DeviceDescriptor
                0x08008630        0xc build/usbd_desc.o
                0x08008630                USBD_HS_DeviceDescriptor
 .text.USBD_HS_LangIDStrDescriptor
                0x0800863c        0xc build/usbd_desc.o
                0x0800863c                USBD_HS_LangIDStrDescriptor
 .text.IntToUnicode
                0x08008648       0x46 build/usbd_desc.o
 *fill*         0x0800868e        0x2 
 .text.Get_SerialNum
                0x08008690       0x38 build/usbd_desc.o
 .text.USBD_HS_SerialStrDescriptor
                0x080086c8       0x14 build/usbd_desc.o
                0x080086c8                USBD_HS_SerialStrDescriptor
 .text.USBD_HS_ProductStrDescriptor
                0x080086dc       0x24 build/usbd_desc.o
                0x080086dc                USBD_HS_ProductStrDescriptor
 .text.USBD_HS_ManufacturerStrDescriptor
                0x08008700       0x1c build/usbd_desc.o
                0x08008700                USBD_HS_ManufacturerStrDescriptor
 .text.USBD_HS_ConfigStrDescriptor
                0x0800871c       0x24 build/usbd_desc.o
                0x0800871c                USBD_HS_ConfigStrDescriptor
 .text.USBD_HS_InterfaceStrDescriptor
                0x08008740       0x24 build/usbd_desc.o
                0x08008740                USBD_HS_InterfaceStrDescriptor
 .text.HAL_PCD_MspInit
                0x08008764      0x15c build/usbd_conf.o
                0x08008764                HAL_PCD_MspInit
 .text.HAL_PCD_SetupStageCallback
                0x080088c0       0x10 build/usbd_conf.o
                0x080088c0                HAL_PCD_SetupStageCallback
 .text.HAL_PCD_DataOutStageCallback
                0x080088d0       0x18 build/usbd_conf.o
                0x080088d0                HAL_PCD_DataOutStageCallback
 .text.HAL_PCD_DataInStageCallback
                0x080088e8       0x16 build/usbd_conf.o
                0x080088e8                HAL_PCD_DataInStageCallback
 .text.HAL_PCD_SOFCallback
                0x080088fe        0xc build/usbd_conf.o
                0x080088fe                HAL_PCD_SOFCallback
 .text.HAL_PCD_ResetCallback
                0x0800890a       0x28 build/usbd_conf.o
                0x0800890a                HAL_PCD_ResetCallback
 *fill*         0x08008932        0x2 
 .text.HAL_PCD_SuspendCallback
                0x08008934       0x30 build/usbd_conf.o
                0x08008934                HAL_PCD_SuspendCallback
 .text.HAL_PCD_ResumeCallback
                0x08008964        0xc build/usbd_conf.o
                0x08008964                HAL_PCD_ResumeCallback
 .text.HAL_PCD_ISOOUTIncompleteCallback
                0x08008970        0xc build/usbd_conf.o
                0x08008970                HAL_PCD_ISOOUTIncompleteCallback
 .text.HAL_PCD_ISOINIncompleteCallback
                0x0800897c        0xc build/usbd_conf.o
                0x0800897c                HAL_PCD_ISOINIncompleteCallback
 .text.HAL_PCD_ConnectCallback
                0x08008988        0xc build/usbd_conf.o
                0x08008988                HAL_PCD_ConnectCallback
 .text.HAL_PCD_DisconnectCallback
                0x08008994        0xc build/usbd_conf.o
                0x08008994                HAL_PCD_DisconnectCallback
 .text.USBD_LL_Init
                0x080089a0       0x70 build/usbd_conf.o
                0x080089a0                USBD_LL_Init
 .text.USBD_LL_IsStallEP
                0x08008a10       0x2e build/usbd_conf.o
                0x08008a10                USBD_LL_IsStallEP
 *fill*         0x08008a3e        0x2 
 .text.USBD_static_malloc
                0x08008a40        0x8 build/usbd_conf.o
                0x08008a40                USBD_static_malloc
 .text.USBD_static_free
                0x08008a48        0x2 build/usbd_conf.o
                0x08008a48                USBD_static_free
 .text.USBD_Get_USB_Status
                0x08008a4a       0x14 build/usbd_conf.o
                0x08008a4a                USBD_Get_USB_Status
 .text.USBD_LL_Start
                0x08008a5e       0x10 build/usbd_conf.o
                0x08008a5e                USBD_LL_Start
 .text.USBD_LL_OpenEP
                0x08008a6e       0x16 build/usbd_conf.o
                0x08008a6e                USBD_LL_OpenEP
 .text.USBD_LL_CloseEP
                0x08008a84       0x10 build/usbd_conf.o
                0x08008a84                USBD_LL_CloseEP
 .text.USBD_LL_StallEP
                0x08008a94       0x10 build/usbd_conf.o
                0x08008a94                USBD_LL_StallEP
 .text.USBD_LL_ClearStallEP
                0x08008aa4       0x10 build/usbd_conf.o
                0x08008aa4                USBD_LL_ClearStallEP
 .text.USBD_LL_SetUSBAddress
                0x08008ab4       0x10 build/usbd_conf.o
                0x08008ab4                USBD_LL_SetUSBAddress
 .text.USBD_LL_Transmit
                0x08008ac4       0x10 build/usbd_conf.o
                0x08008ac4                USBD_LL_Transmit
 .text.USBD_LL_PrepareReceive
                0x08008ad4       0x10 build/usbd_conf.o
                0x08008ad4                USBD_LL_PrepareReceive
 .text.Reset_Handler
                0x08008ae4       0x50 build/startup_stm32h743xx.o
                0x08008ae4                Reset_Handler
 .text.Default_Handler
                0x08008b34        0x2 build/startup_stm32h743xx.o
                0x08008b34                RTC_Alarm_IRQHandler
                0x08008b34                EXTI2_IRQHandler
                0x08008b34                TIM8_CC_IRQHandler
                0x08008b34                HRTIM1_Master_IRQHandler
                0x08008b34                UART8_IRQHandler
                0x08008b34                SPI4_IRQHandler
                0x08008b34                TIM1_CC_IRQHandler
                0x08008b34                BDMA_Channel6_IRQHandler
                0x08008b34                DMA2_Stream5_IRQHandler
                0x08008b34                HRTIM1_FLT_IRQHandler
                0x08008b34                JPEG_IRQHandler
                0x08008b34                DMA1_Stream5_IRQHandler
                0x08008b34                BDMA_Channel1_IRQHandler
                0x08008b34                HRTIM1_TIMD_IRQHandler
                0x08008b34                TAMP_STAMP_IRQHandler
                0x08008b34                EXTI3_IRQHandler
                0x08008b34                LPTIM4_IRQHandler
                0x08008b34                TIM8_TRG_COM_TIM14_IRQHandler
                0x08008b34                LPTIM2_IRQHandler
                0x08008b34                DFSDM1_FLT1_IRQHandler
                0x08008b34                DMAMUX2_OVR_IRQHandler
                0x08008b34                TIM8_UP_TIM13_IRQHandler
                0x08008b34                I2C3_ER_IRQHandler
                0x08008b34                DFSDM1_FLT2_IRQHandler
                0x08008b34                MDMA_IRQHandler
                0x08008b34                LPTIM3_IRQHandler
                0x08008b34                HSEM1_IRQHandler
                0x08008b34                EXTI0_IRQHandler
                0x08008b34                I2C2_EV_IRQHandler
                0x08008b34                DMA1_Stream2_IRQHandler
                0x08008b34                FPU_IRQHandler
                0x08008b34                OTG_HS_WKUP_IRQHandler
                0x08008b34                FDCAN1_IT1_IRQHandler
                0x08008b34                LTDC_ER_IRQHandler
                0x08008b34                DMA2_Stream2_IRQHandler
                0x08008b34                HRTIM1_TIME_IRQHandler
                0x08008b34                SPI1_IRQHandler
                0x08008b34                DCMI_IRQHandler
                0x08008b34                HRTIM1_TIMC_IRQHandler
                0x08008b34                DMA2_Stream3_IRQHandler
                0x08008b34                SAI2_IRQHandler
                0x08008b34                DFSDM1_FLT3_IRQHandler
                0x08008b34                USART6_IRQHandler
                0x08008b34                TIM17_IRQHandler
                0x08008b34                USART3_IRQHandler
                0x08008b34                BDMA_Channel7_IRQHandler
                0x08008b34                LPTIM5_IRQHandler
                0x08008b34                UART5_IRQHandler
                0x08008b34                ADC3_IRQHandler
                0x08008b34                DMA2_Stream0_IRQHandler
                0x08008b34                TIM4_IRQHandler
                0x08008b34                BDMA_Channel2_IRQHandler
                0x08008b34                QUADSPI_IRQHandler
                0x08008b34                I2C1_EV_IRQHandler
                0x08008b34                DMA1_Stream6_IRQHandler
                0x08008b34                DMAMUX1_OVR_IRQHandler
                0x08008b34                DMA1_Stream1_IRQHandler
                0x08008b34                TIM16_IRQHandler
                0x08008b34                UART4_IRQHandler
                0x08008b34                BDMA_Channel5_IRQHandler
                0x08008b34                TIM3_IRQHandler
                0x08008b34                RCC_IRQHandler
                0x08008b34                TIM8_BRK_TIM12_IRQHandler
                0x08008b34                TIM1_TRG_COM_IRQHandler
                0x08008b34                Default_Handler
                0x08008b34                ECC_IRQHandler
                0x08008b34                CEC_IRQHandler
                0x08008b34                EXTI15_10_IRQHandler
                0x08008b34                BDMA_Channel0_IRQHandler
                0x08008b34                ADC_IRQHandler
                0x08008b34                DMA1_Stream7_IRQHandler
                0x08008b34                HRTIM1_TIMA_IRQHandler
                0x08008b34                SPI5_IRQHandler
                0x08008b34                TIM7_IRQHandler
                0x08008b34                SDMMC1_IRQHandler
                0x08008b34                TIM5_IRQHandler
                0x08008b34                DMA2_Stream7_IRQHandler
                0x08008b34                TIM15_IRQHandler
                0x08008b34                PVD_AVD_IRQHandler
                0x08008b34                I2C3_EV_IRQHandler
                0x08008b34                RTC_WKUP_IRQHandler
                0x08008b34                LTDC_IRQHandler
                0x08008b34                SAI3_IRQHandler
                0x08008b34                ETH_WKUP_IRQHandler
                0x08008b34                SPDIF_RX_IRQHandler
                0x08008b34                SPI2_IRQHandler
                0x08008b34                OTG_HS_EP1_IN_IRQHandler
                0x08008b34                DMA1_Stream0_IRQHandler
                0x08008b34                CRS_IRQHandler
                0x08008b34                EXTI4_IRQHandler
                0x08008b34                RNG_IRQHandler
                0x08008b34                HRTIM1_TIMB_IRQHandler
                0x08008b34                FDCAN2_IT1_IRQHandler
                0x08008b34                ETH_IRQHandler
                0x08008b34                BDMA_Channel4_IRQHandler
                0x08008b34                OTG_HS_EP1_OUT_IRQHandler
                0x08008b34                WWDG_IRQHandler
                0x08008b34                SPI6_IRQHandler
                0x08008b34                MDIOS_IRQHandler
                0x08008b34                I2C4_EV_IRQHandler
                0x08008b34                FDCAN2_IT0_IRQHandler
                0x08008b34                LPUART1_IRQHandler
                0x08008b34                FDCAN1_IT0_IRQHandler
                0x08008b34                TIM2_IRQHandler
                0x08008b34                OTG_FS_WKUP_IRQHandler
                0x08008b34                DMA2D_IRQHandler
                0x08008b34                TIM1_BRK_IRQHandler
                0x08008b34                EXTI1_IRQHandler
                0x08008b34                SDMMC2_IRQHandler
                0x08008b34                OTG_FS_EP1_OUT_IRQHandler
                0x08008b34                BDMA_Channel3_IRQHandler
                0x08008b34                UART7_IRQHandler
                0x08008b34                MDIOS_WKUP_IRQHandler
                0x08008b34                USART2_IRQHandler
                0x08008b34                DFSDM1_FLT0_IRQHandler
                0x08008b34                SAI4_IRQHandler
                0x08008b34                I2C2_ER_IRQHandler
                0x08008b34                DMA2_Stream1_IRQHandler
                0x08008b34                FLASH_IRQHandler
                0x08008b34                DMA2_Stream4_IRQHandler
                0x08008b34                USART1_IRQHandler
                0x08008b34                OTG_FS_IRQHandler
                0x08008b34                SPI3_IRQHandler
                0x08008b34                WAKEUP_PIN_IRQHandler
                0x08008b34                DMA1_Stream4_IRQHandler
                0x08008b34                OTG_FS_EP1_IN_IRQHandler
                0x08008b34                I2C1_ER_IRQHandler
                0x08008b34                FMC_IRQHandler
                0x08008b34                FDCAN_CAL_IRQHandler
                0x08008b34                SWPMI1_IRQHandler
                0x08008b34                COMP1_IRQHandler
                0x08008b34                LPTIM1_IRQHandler
                0x08008b34                I2C4_ER_IRQHandler
                0x08008b34                DMA2_Stream6_IRQHandler
                0x08008b34                SAI1_IRQHandler
                0x08008b34                DMA1_Stream3_IRQHandler
 *fill*         0x08008b36        0x2 
 .text.__libc_init_array
                0x08008b38       0x48 d:/tool/gcc-arm-none-eabi/bin/../lib/gcc/arm-none-eabi/10.3.1/../../../../arm-none-eabi/lib/thumb/v7e-m+dp/hard\libc_nano.a(lib_a-init.o)
                0x08008b38                __libc_init_array
 .text.memcpy   0x08008b80       0x1c d:/tool/gcc-arm-none-eabi/bin/../lib/gcc/arm-none-eabi/10.3.1/../../../../arm-none-eabi/lib/thumb/v7e-m+dp/hard\libc_nano.a(lib_a-memcpy-stub.o)
                0x08008b80                memcpy
 .text.memset   0x08008b9c       0x10 d:/tool/gcc-arm-none-eabi/bin/../lib/gcc/arm-none-eabi/10.3.1/../../../../arm-none-eabi/lib/thumb/v7e-m+dp/hard\libc_nano.a(lib_a-memset.o)
                0x08008b9c                memset
 *(.glue_7)
 .glue_7        0x08008bac        0x0 linker stubs
 *(.glue_7t)
 .glue_7t       0x08008bac        0x0 linker stubs
 *(.eh_frame)
 .eh_frame      0x08008bac        0x0 d:/tool/gcc-arm-none-eabi/bin/../lib/gcc/arm-none-eabi/10.3.1/thumb/v7e-m+dp/hard/crtbegin.o
 *(.init)
 .init          0x08008bac        0x4 d:/tool/gcc-arm-none-eabi/bin/../lib/gcc/arm-none-eabi/10.3.1/thumb/v7e-m+dp/hard/crti.o
                0x08008bac                _init
 .init          0x08008bb0        0x8 d:/tool/gcc-arm-none-eabi/bin/../lib/gcc/arm-none-eabi/10.3.1/thumb/v7e-m+dp/hard/crtn.o
 *(.fini)
 .fini          0x08008bb8        0x4 d:/tool/gcc-arm-none-eabi/bin/../lib/gcc/arm-none-eabi/10.3.1/thumb/v7e-m+dp/hard/crti.o
                0x08008bb8                _fini
 .fini          0x08008bbc        0x8 d:/tool/gcc-arm-none-eabi/bin/../lib/gcc/arm-none-eabi/10.3.1/thumb/v7e-m+dp/hard/crtn.o
                0x08008bc4                . = ALIGN (0x4)
                0x08008bc4                _etext = .

.vfp11_veneer   0x08008bc4        0x0
 .vfp11_veneer  0x08008bc4        0x0 linker stubs

.v4_bx          0x08008bc4        0x0
 .v4_bx         0x08008bc4        0x0 linker stubs

.iplt           0x08008bc4        0x0
 .iplt          0x08008bc4        0x0 d:/tool/gcc-arm-none-eabi/bin/../lib/gcc/arm-none-eabi/10.3.1/thumb/v7e-m+dp/hard/crtbegin.o

.rodata         0x08008bc4      0x5e8
                0x08008bc4                . = ALIGN (0x4)
 *(.rodata)
 *(.rodata*)
 .rodata.crc8Table
                0x08008bc4      0x400 build/ads1299.o
 .rodata.str1.4
                0x08008fc4       0x60 build/freertos.o
 .rodata.DATA_READY_attributes
                0x08009024       0x10 build/freertos.o
                0x08009024                DATA_READY_attributes
 .rodata.all_reg_read_attributes
                0x08009034       0x24 build/freertos.o
                0x08009034                all_reg_read_attributes
 .rodata.data_read_attributes
                0x08009058       0x24 build/freertos.o
                0x08009058                data_read_attributes
 .rodata.data_send_attributes
                0x0800907c       0x24 build/freertos.o
                0x0800907c                data_send_attributes
 .rodata.defaultTask_attributes
                0x080090a0       0x24 build/freertos.o
                0x080090a0                defaultTask_attributes
 .rodata.event_attributes
                0x080090c4       0x10 build/freertos.o
                0x080090c4                event_attributes
 .rodata.normal_sig_attributes
                0x080090d4       0x24 build/freertos.o
                0x080090d4                normal_sig_attributes
 .rodata.self_test_attributes
                0x080090f8       0x24 build/freertos.o
                0x080090f8                self_test_attributes
 .rodata.CMD_EVENT
                0x0800911c        0x1 build/main.o
                0x0800911c                CMD_EVENT
 .rodata.ITR_EVENT
                0x0800911d        0x1 build/main.o
                0x0800911d                ITR_EVENT
 .rodata.NORMAL_SIG_EVENT
                0x0800911e        0x1 build/main.o
                0x0800911e                NORMAL_SIG_EVENT
 .rodata.READY_EVENT
                0x0800911f        0x1 build/main.o
                0x0800911f                READY_EVENT
 .rodata.REG_EVENT
                0x08009120        0x1 build/main.o
                0x08009120                REG_EVENT
 .rodata.SELF_TEST_EVENT
                0x08009121        0x1 build/main.o
                0x08009121                SELF_TEST_EVENT
 *fill*         0x08009122        0x2 
 .rodata.D1CorePrescTable
                0x08009124       0x10 build/system_stm32h7xx.o
                0x08009124                D1CorePrescTable
 .rodata.vTaskStartScheduler.str1.4
                0x08009134        0x5 build/tasks.o
 *fill*         0x08009139        0x3 
 .rodata.prvCheckForValidListAndQueue.str1.4
                0x0800913c        0x5 build/timers.o
 *fill*         0x08009141        0x3 
 .rodata.xTimerCreateTimerTask.str1.4
                0x08009144        0x8 build/timers.o
 .rodata.USBD_HS_ProductStrDescriptor.str1.4
                0x0800914c       0x1d build/usbd_desc.o
 *fill*         0x08009169        0x3 
 .rodata.USBD_HS_ManufacturerStrDescriptor.str1.4
                0x0800916c       0x13 build/usbd_desc.o
 *fill*         0x0800917f        0x1 
 .rodata.USBD_HS_ConfigStrDescriptor.str1.4
                0x08009180       0x12 build/usbd_desc.o
 *fill*         0x08009192        0x2 
 .rodata.USBD_HS_InterfaceStrDescriptor.str1.4
                0x08009194       0x15 build/usbd_desc.o
                0x080091ac                . = ALIGN (0x4)
 *fill*         0x080091a9        0x3 

.rel.dyn        0x080091ac        0x0
 .rel.iplt      0x080091ac        0x0 d:/tool/gcc-arm-none-eabi/bin/../lib/gcc/arm-none-eabi/10.3.1/thumb/v7e-m+dp/hard/crtbegin.o

.ARM.extab
 *(.ARM.extab* .gnu.linkonce.armextab.*)

.ARM            0x080091ac        0x0
                0x080091ac                __exidx_start = .
 *(.ARM.exidx*)
                0x080091ac                __exidx_end = .

.preinit_array  0x080091ac        0x0
                0x080091ac                PROVIDE (__preinit_array_start = .)
 *(.preinit_array*)
                0x080091ac                PROVIDE (__preinit_array_end = .)

.init_array     0x080091ac        0x4
                0x080091ac                PROVIDE (__init_array_start = .)
 *(SORT_BY_NAME(.init_array.*))
 *(.init_array*)
 .init_array    0x080091ac        0x4 d:/tool/gcc-arm-none-eabi/bin/../lib/gcc/arm-none-eabi/10.3.1/thumb/v7e-m+dp/hard/crtbegin.o
                0x080091b0                PROVIDE (__init_array_end = .)

.fini_array     0x080091b0        0x4
                [!provide]                PROVIDE (__fini_array_start = .)
 *(SORT_BY_NAME(.fini_array.*))
 *(.fini_array*)
 .fini_array    0x080091b0        0x4 d:/tool/gcc-arm-none-eabi/bin/../lib/gcc/arm-none-eabi/10.3.1/thumb/v7e-m+dp/hard/crtbegin.o
                [!provide]                PROVIDE (__fini_array_end = .)
                0x080091b4                _sidata = LOADADDR (.data)

.data           0x20000000      0x178 load address 0x080091b4
                0x20000000                . = ALIGN (0x4)
                0x20000000                _sdata = .
 *(.data)
 *(.data*)
 .data.ADS1x9x_Default_Register_Settings_1
                0x20000000       0x18 build/ads1299.o
                0x20000000                ADS1x9x_Default_Register_Settings_1
 .data.ADS1x9x_Default_Register_Settings_2_5
                0x20000018       0x18 build/ads1299.o
                0x20000018                ADS1x9x_Default_Register_Settings_2_5
 .data.send1    0x20000030        0x3 build/freertos.o
                0x20000030                send1
 *fill*         0x20000033        0x1 
 .data.SystemCoreClock
                0x20000034        0x4 build/system_stm32h7xx.o
                0x20000034                SystemCoreClock
 .data.SystemD2Clock
                0x20000038        0x4 build/system_stm32h7xx.o
                0x20000038                SystemD2Clock
 .data.uwTickFreq
                0x2000003c        0x1 build/stm32h7xx_hal.o
                0x2000003c                uwTickFreq
 *fill*         0x2000003d        0x3 
 .data.uwTickPrio
                0x20000040        0x4 build/stm32h7xx_hal.o
                0x20000040                uwTickPrio
 .data.USBD_CUSTOM_HID
                0x20000044       0x38 build/usbd_customhid.o
                0x20000044                USBD_CUSTOM_HID
 .data.USBD_CUSTOM_HID_CfgFSDesc
                0x2000007c       0x20 build/usbd_customhid.o
 .data.USBD_CUSTOM_HID_CfgHSDesc
                0x2000009c       0x20 build/usbd_customhid.o
 .data.USBD_CUSTOM_HID_Desc
                0x200000bc        0x9 build/usbd_customhid.o
 *fill*         0x200000c5        0x3 
 .data.USBD_CUSTOM_HID_DeviceQualifierDesc
                0x200000c8        0xa build/usbd_customhid.o
 *fill*         0x200000d2        0x2 
 .data.USBD_CUSTOM_HID_OtherSpeedCfgDesc
                0x200000d4       0x20 build/usbd_customhid.o
 .data.uxCriticalNesting
                0x200000f4        0x4 build/port.o
 .data.CUSTOM_HID_ReportDesc_HS
                0x200000f8       0x1d build/usbd_custom_hid_if.o
 *fill*         0x20000115        0x3 
 .data.USBD_CustomHID_fops_HS
                0x20000118       0x10 build/usbd_custom_hid_if.o
                0x20000118                USBD_CustomHID_fops_HS
 .data.HS_Desc  0x20000128       0x1c build/usbd_desc.o
                0x20000128                HS_Desc
 .data.USBD_HS_DeviceDesc
                0x20000144       0x12 build/usbd_desc.o
                0x20000144                USBD_HS_DeviceDesc
 *fill*         0x20000156        0x2 
 .data.USBD_LangIDDesc
                0x20000158        0x4 build/usbd_desc.o
                0x20000158                USBD_LangIDDesc
 .data.USBD_StringSerial
                0x2000015c       0x1a build/usbd_desc.o
                0x2000015c                USBD_StringSerial
                0x20000178                . = ALIGN (0x4)
 *fill*         0x20000176        0x2 
                0x20000178                _edata = .

.igot.plt       0x20000178        0x0 load address 0x0800932c
 .igot.plt      0x20000178        0x0 d:/tool/gcc-arm-none-eabi/bin/../lib/gcc/arm-none-eabi/10.3.1/thumb/v7e-m+dp/hard/crtbegin.o
                0x20000178                . = ALIGN (0x4)

.bss            0x20000178     0x6e28 load address 0x0800932c
                0x20000178                _sbss = .
                0x20000178                __bss_start__ = _sbss
 *(.bss)
 .bss           0x20000178       0x1c d:/tool/gcc-arm-none-eabi/bin/../lib/gcc/arm-none-eabi/10.3.1/thumb/v7e-m+dp/hard/crtbegin.o
 *(.bss*)
 .bss.DATA_READYHandle
                0x20000194        0x4 build/freertos.o
                0x20000194                DATA_READYHandle
 .bss.all_reg_readHandle
                0x20000198        0x4 build/freertos.o
                0x20000198                all_reg_readHandle
 .bss.buffer_select_flag
                0x2000019c        0x4 build/freertos.o
                0x2000019c                buffer_select_flag
 .bss.data_readHandle
                0x200001a0        0x4 build/freertos.o
                0x200001a0                data_readHandle
 .bss.data_save_a
                0x200001a4      0xd30 build/freertos.o
                0x200001a4                data_save_a
 .bss.data_save_b
                0x20000ed4      0xd30 build/freertos.o
                0x20000ed4                data_save_b
 .bss.data_sendHandle
                0x20001c04        0x4 build/freertos.o
                0x20001c04                data_sendHandle
 .bss.defaultTaskHandle
                0x20001c08        0x4 build/freertos.o
                0x20001c08                defaultTaskHandle
 .bss.eventHandle
                0x20001c0c        0x4 build/freertos.o
                0x20001c0c                eventHandle
 .bss.normal_sigHandle
                0x20001c10        0x4 build/freertos.o
                0x20001c10                normal_sigHandle
 .bss.self_testHandle
                0x20001c14        0x4 build/freertos.o
                0x20001c14                self_testHandle
 .bss.send2     0x20001c18       0x18 build/freertos.o
                0x20001c18                send2
 .bss.itr_num   0x20001c30        0x4 build/main.o
                0x20001c30                itr_num
 .bss.hspi3     0x20001c34       0x88 build/spi.o
                0x20001c34                hspi3
 .bss.htim1     0x20001cbc       0x4c build/stm32h7xx_hal_timebase_tim.o
                0x20001cbc                htim1
 .bss.htim6     0x20001d08       0x4c build/tim.o
                0x20001d08                htim6
 .bss.uwTick    0x20001d54        0x4 build/stm32h7xx_hal.o
                0x20001d54                uwTick
 .bss.cfgidx.0  0x20001d58        0x1 build/usbd_ctlreq.o
 *fill*         0x20001d59        0x3 
 .bss.Idle_Stack.2
                0x20001d5c      0x200 build/cmsis_os2.o
 .bss.Idle_TCB.3
                0x20001f5c       0x5c build/cmsis_os2.o
 .bss.KernelState
                0x20001fb8        0x4 build/cmsis_os2.o
 .bss.Timer_Stack.0
                0x20001fbc      0x400 build/cmsis_os2.o
 .bss.Timer_TCB.1
                0x200023bc       0x5c build/cmsis_os2.o
 .bss.ucMaxSysCallPriority
                0x20002418        0x1 build/port.o
 *fill*         0x20002419        0x3 
 .bss.ulMaxPRIGROUPValue
                0x2000241c        0x4 build/port.o
 .bss.pxEnd     0x20002420        0x4 build/heap_4.o
 .bss.ucHeap    0x20002424     0x3c00 build/heap_4.o
 .bss.xBlockAllocatedBit
                0x20006024        0x4 build/heap_4.o
 .bss.xFreeBytesRemaining
                0x20006028        0x4 build/heap_4.o
 .bss.xMinimumEverFreeBytesRemaining
                0x2000602c        0x4 build/heap_4.o
 .bss.xNumberOfSuccessfulAllocations
                0x20006030        0x4 build/heap_4.o
 .bss.xNumberOfSuccessfulFrees
                0x20006034        0x4 build/heap_4.o
 .bss.xStart    0x20006038        0x8 build/heap_4.o
 .bss.xQueueRegistry
                0x20006040       0x40 build/queue.o
                0x20006040                xQueueRegistry
 .bss.pxCurrentTCB
                0x20006080        0x4 build/tasks.o
                0x20006080                pxCurrentTCB
 .bss.pxDelayedTaskList
                0x20006084        0x4 build/tasks.o
 .bss.pxOverflowDelayedTaskList
                0x20006088        0x4 build/tasks.o
 .bss.pxReadyTasksLists
                0x2000608c      0x460 build/tasks.o
 .bss.uxCurrentNumberOfTasks
                0x200064ec        0x4 build/tasks.o
 .bss.uxDeletedTasksWaitingCleanUp
                0x200064f0        0x4 build/tasks.o
 .bss.uxSchedulerSuspended
                0x200064f4        0x4 build/tasks.o
 .bss.uxTaskNumber
                0x200064f8        0x4 build/tasks.o
 .bss.uxTopReadyPriority
                0x200064fc        0x4 build/tasks.o
 .bss.xDelayedTaskList1
                0x20006500       0x14 build/tasks.o
 .bss.xDelayedTaskList2
                0x20006514       0x14 build/tasks.o
 .bss.xIdleTaskHandle
                0x20006528        0x4 build/tasks.o
 .bss.xNextTaskUnblockTime
                0x2000652c        0x4 build/tasks.o
 .bss.xNumOfOverflows
                0x20006530        0x4 build/tasks.o
 .bss.xPendedTicks
                0x20006534        0x4 build/tasks.o
 .bss.xPendingReadyList
                0x20006538       0x14 build/tasks.o
 .bss.xSchedulerRunning
                0x2000654c        0x4 build/tasks.o
 .bss.xSuspendedTaskList
                0x20006550       0x14 build/tasks.o
 .bss.xTasksWaitingTermination
                0x20006564       0x14 build/tasks.o
 .bss.xTickCount
                0x20006578        0x4 build/tasks.o
 .bss.xYieldPending
                0x2000657c        0x4 build/tasks.o
 .bss.pxCurrentTimerList
                0x20006580        0x4 build/timers.o
 .bss.pxOverflowTimerList
                0x20006584        0x4 build/timers.o
 .bss.ucStaticTimerQueueStorage.1
                0x20006588       0xa0 build/timers.o
 .bss.xActiveTimerList1
                0x20006628       0x14 build/timers.o
 .bss.xActiveTimerList2
                0x2000663c       0x14 build/timers.o
 .bss.xLastTime.2
                0x20006650        0x4 build/timers.o
 .bss.xStaticTimerQueue.0
                0x20006654       0x50 build/timers.o
 .bss.xTimerQueue
                0x200066a4        0x4 build/timers.o
 .bss.xTimerTaskHandle
                0x200066a8        0x4 build/timers.o
 .bss.hUsbDeviceHS
                0x200066ac      0x2d0 build/usb_device.o
                0x200066ac                hUsbDeviceHS
 .bss.USBD_StrDesc
                0x2000697c      0x200 build/usbd_desc.o
                0x2000697c                USBD_StrDesc
 .bss.hpcd_USB_OTG_HS
                0x20006b7c      0x408 build/usbd_conf.o
                0x20006b7c                hpcd_USB_OTG_HS
 .bss.mem.0     0x20006f84       0x1c build/usbd_conf.o
 *(COMMON)
                0x20006fa0                . = ALIGN (0x4)
                0x20006fa0                _ebss = .
                0x20006fa0                __bss_end__ = _ebss

._user_heap_stack
                0x20006fa0      0x800 load address 0x0800932c
                0x20006fa0                . = ALIGN (0x8)
                0x20006fa0                PROVIDE (end = .)
                [!provide]                PROVIDE (_end = .)
                0x200073a0                . = (. + _Min_Heap_Size)
 *fill*         0x20006fa0      0x400 
                0x200077a0                . = (. + _Min_Stack_Size)
 *fill*         0x200073a0      0x400 
                0x200077a0                . = ALIGN (0x8)

/DISCARD/
 libc.a(*)
 libm.a(*)
 libgcc.a(*)

.ARM.attributes
                0x00000000       0x2e
 *(.ARM.attributes)
 .ARM.attributes
                0x00000000       0x1e d:/tool/gcc-arm-none-eabi/bin/../lib/gcc/arm-none-eabi/10.3.1/thumb/v7e-m+dp/hard/crti.o
 .ARM.attributes
                0x0000001e       0x32 d:/tool/gcc-arm-none-eabi/bin/../lib/gcc/arm-none-eabi/10.3.1/thumb/v7e-m+dp/hard/crtbegin.o
 .ARM.attributes
                0x00000050       0x32 build/ads1299.o
 .ARM.attributes
                0x00000082       0x32 build/freertos.o
 .ARM.attributes
                0x000000b4       0x32 build/gpio.o
 .ARM.attributes
                0x000000e6       0x32 build/main.o
 .ARM.attributes
                0x00000118       0x32 build/spi.o
 .ARM.attributes
                0x0000014a       0x32 build/stm32h7xx_hal_msp.o
 .ARM.attributes
                0x0000017c       0x32 build/stm32h7xx_hal_timebase_tim.o
 .ARM.attributes
                0x000001ae       0x32 build/stm32h7xx_it.o
 .ARM.attributes
                0x000001e0       0x32 build/system_stm32h7xx.o
 .ARM.attributes
                0x00000212       0x32 build/tim.o
 .ARM.attributes
                0x00000244       0x32 build/stm32h7xx_hal.o
 .ARM.attributes
                0x00000276       0x32 build/stm32h7xx_hal_cortex.o
 .ARM.attributes
                0x000002a8       0x32 build/stm32h7xx_hal_gpio.o
 .ARM.attributes
                0x000002da       0x32 build/stm32h7xx_hal_pcd.o
 .ARM.attributes
                0x0000030c       0x32 build/stm32h7xx_hal_pcd_ex.o
 .ARM.attributes
                0x0000033e       0x32 build/stm32h7xx_hal_pwr_ex.o
 .ARM.attributes
                0x00000370       0x32 build/stm32h7xx_hal_rcc.o
 .ARM.attributes
                0x000003a2       0x32 build/stm32h7xx_hal_rcc_ex.o
 .ARM.attributes
                0x000003d4       0x32 build/stm32h7xx_hal_spi.o
 .ARM.attributes
                0x00000406       0x32 build/stm32h7xx_hal_tim.o
 .ARM.attributes
                0x00000438       0x32 build/stm32h7xx_hal_tim_ex.o
 .ARM.attributes
                0x0000046a       0x32 build/stm32h7xx_ll_usb.o
 .ARM.attributes
                0x0000049c       0x32 build/usbd_customhid.o
 .ARM.attributes
                0x000004ce       0x32 build/usbd_core.o
 .ARM.attributes
                0x00000500       0x32 build/usbd_ctlreq.o
 .ARM.attributes
                0x00000532       0x32 build/usbd_ioreq.o
 .ARM.attributes
                0x00000564       0x32 build/cmsis_os2.o
 .ARM.attributes
                0x00000596       0x32 build/event_groups.o
 .ARM.attributes
                0x000005c8       0x32 build/list.o
 .ARM.attributes
                0x000005fa       0x32 build/port.o
 .ARM.attributes
                0x0000062c       0x32 build/heap_4.o
 .ARM.attributes
                0x0000065e       0x32 build/queue.o
 .ARM.attributes
                0x00000690       0x32 build/tasks.o
 .ARM.attributes
                0x000006c2       0x32 build/timers.o
 .ARM.attributes
                0x000006f4       0x32 build/usb_device.o
 .ARM.attributes
                0x00000726       0x32 build/usbd_custom_hid_if.o
 .ARM.attributes
                0x00000758       0x32 build/usbd_desc.o
 .ARM.attributes
                0x0000078a       0x32 build/usbd_conf.o
 .ARM.attributes
                0x000007bc       0x21 build/startup_stm32h743xx.o
 .ARM.attributes
                0x000007dd       0x32 d:/tool/gcc-arm-none-eabi/bin/../lib/gcc/arm-none-eabi/10.3.1/../../../../arm-none-eabi/lib/thumb/v7e-m+dp/hard\libc_nano.a(lib_a-init.o)
 .ARM.attributes
                0x0000080f       0x32 d:/tool/gcc-arm-none-eabi/bin/../lib/gcc/arm-none-eabi/10.3.1/../../../../arm-none-eabi/lib/thumb/v7e-m+dp/hard\libc_nano.a(lib_a-memcpy-stub.o)
 .ARM.attributes
                0x00000841       0x32 d:/tool/gcc-arm-none-eabi/bin/../lib/gcc/arm-none-eabi/10.3.1/../../../../arm-none-eabi/lib/thumb/v7e-m+dp/hard\libc_nano.a(lib_a-memset.o)
 .ARM.attributes
                0x00000873       0x1e d:/tool/gcc-arm-none-eabi/bin/../lib/gcc/arm-none-eabi/10.3.1/thumb/v7e-m+dp/hard/crtn.o
OUTPUT(build/stm32h743iit6_ads1299_usbhs.elf elf32-littlearm)
LOAD linker stubs
LOAD d:/tool/gcc-arm-none-eabi/bin/../lib/gcc/arm-none-eabi/10.3.1/../../../../arm-none-eabi/lib/thumb/v7e-m+dp/hard\libc.a
LOAD d:/tool/gcc-arm-none-eabi/bin/../lib/gcc/arm-none-eabi/10.3.1/../../../../arm-none-eabi/lib/thumb/v7e-m+dp/hard\libm.a
LOAD d:/tool/gcc-arm-none-eabi/bin/../lib/gcc/arm-none-eabi/10.3.1/thumb/v7e-m+dp/hard\libgcc.a

.debug_info     0x00000000    0x331b6
 .debug_info    0x00000000     0x135b build/ads1299.o
 .debug_info    0x0000135b     0x17b7 build/freertos.o
 .debug_info    0x00002b12      0xd92 build/gpio.o
 .debug_info    0x000038a4     0x1493 build/main.o
 .debug_info    0x00004d37     0x117d build/spi.o
 .debug_info    0x00005eb4      0x856 build/stm32h7xx_hal_msp.o
 .debug_info    0x0000670a     0x1127 build/stm32h7xx_hal_timebase_tim.o
 .debug_info    0x00007831      0xdc6 build/stm32h7xx_it.o
 .debug_info    0x000085f7      0xd30 build/system_stm32h7xx.o
 .debug_info    0x00009327     0x115d build/tim.o
 .debug_info    0x0000a484     0x16a0 build/stm32h7xx_hal.o
 .debug_info    0x0000bb24     0x13ea build/stm32h7xx_hal_cortex.o
 .debug_info    0x0000cf0e      0xd66 build/stm32h7xx_hal_gpio.o
 .debug_info    0x0000dc74     0x1b21 build/stm32h7xx_hal_pcd.o
 .debug_info    0x0000f795      0xa39 build/stm32h7xx_hal_pcd_ex.o
 .debug_info    0x000101ce     0x122e build/stm32h7xx_hal_pwr_ex.o
 .debug_info    0x000113fc     0x121e build/stm32h7xx_hal_rcc.o
 .debug_info    0x0001261a     0x19de build/stm32h7xx_hal_rcc_ex.o
 .debug_info    0x00013ff8     0x1c3c build/stm32h7xx_hal_spi.o
 .debug_info    0x00015c34     0x3fcf build/stm32h7xx_hal_tim.o
 .debug_info    0x00019c03     0x1e53 build/stm32h7xx_hal_tim_ex.o
 .debug_info    0x0001ba56     0x2013 build/stm32h7xx_ll_usb.o
 .debug_info    0x0001da69      0xd35 build/usbd_customhid.o
 .debug_info    0x0001e79e      0xe47 build/usbd_core.o
 .debug_info    0x0001f5e5     0x12f4 build/usbd_ctlreq.o
 .debug_info    0x000208d9      0x87f build/usbd_ioreq.o
 .debug_info    0x00021158     0x4e60 build/cmsis_os2.o
 .debug_info    0x00025fb8      0xf79 build/event_groups.o
 .debug_info    0x00026f31      0x2e0 build/list.o
 .debug_info    0x00027211      0x587 build/port.o
 .debug_info    0x00027798      0x5d9 build/heap_4.o
 .debug_info    0x00027d71     0x2823 build/queue.o
 .debug_info    0x0002a594     0x3197 build/tasks.o
 .debug_info    0x0002d72b     0x1ab9 build/timers.o
 .debug_info    0x0002f1e4      0x71a build/usb_device.o
 .debug_info    0x0002f8fe      0x985 build/usbd_custom_hid_if.o
 .debug_info    0x00030283      0x602 build/usbd_desc.o
 .debug_info    0x00030885     0x290f build/usbd_conf.o
 .debug_info    0x00033194       0x22 build/startup_stm32h743xx.o

.debug_abbrev   0x00000000     0x5c3e
 .debug_abbrev  0x00000000      0x2a9 build/ads1299.o
 .debug_abbrev  0x000002a9      0x26d build/freertos.o
 .debug_abbrev  0x00000516      0x1ca build/gpio.o
 .debug_abbrev  0x000006e0      0x25a build/main.o
 .debug_abbrev  0x0000093a      0x204 build/spi.o
 .debug_abbrev  0x00000b3e      0x12a build/stm32h7xx_hal_msp.o
 .debug_abbrev  0x00000c68      0x21f build/stm32h7xx_hal_timebase_tim.o
 .debug_abbrev  0x00000e87      0x1e1 build/stm32h7xx_it.o
 .debug_abbrev  0x00001068      0x14a build/system_stm32h7xx.o
 .debug_abbrev  0x000011b2      0x226 build/tim.o
 .debug_abbrev  0x000013d8      0x264 build/stm32h7xx_hal.o
 .debug_abbrev  0x0000163c      0x37d build/stm32h7xx_hal_cortex.o
 .debug_abbrev  0x000019b9      0x239 build/stm32h7xx_hal_gpio.o
 .debug_abbrev  0x00001bf2      0x2b5 build/stm32h7xx_hal_pcd.o
 .debug_abbrev  0x00001ea7      0x26d build/stm32h7xx_hal_pcd_ex.o
 .debug_abbrev  0x00002114      0x29b build/stm32h7xx_hal_pwr_ex.o
 .debug_abbrev  0x000023af      0x27f build/stm32h7xx_hal_rcc.o
 .debug_abbrev  0x0000262e      0x278 build/stm32h7xx_hal_rcc_ex.o
 .debug_abbrev  0x000028a6      0x279 build/stm32h7xx_hal_spi.o
 .debug_abbrev  0x00002b1f      0x22b build/stm32h7xx_hal_tim.o
 .debug_abbrev  0x00002d4a      0x241 build/stm32h7xx_hal_tim_ex.o
 .debug_abbrev  0x00002f8b      0x2cb build/stm32h7xx_ll_usb.o
 .debug_abbrev  0x00003256      0x291 build/usbd_customhid.o
 .debug_abbrev  0x000034e7      0x250 build/usbd_core.o
 .debug_abbrev  0x00003737      0x33f build/usbd_ctlreq.o
 .debug_abbrev  0x00003a76      0x195 build/usbd_ioreq.o
 .debug_abbrev  0x00003c0b      0x53a build/cmsis_os2.o
 .debug_abbrev  0x00004145      0x2c1 build/event_groups.o
 .debug_abbrev  0x00004406      0x106 build/list.o
 .debug_abbrev  0x0000450c      0x26b build/port.o
 .debug_abbrev  0x00004777      0x24b build/heap_4.o
 .debug_abbrev  0x000049c2      0x369 build/queue.o
 .debug_abbrev  0x00004d2b      0x313 build/tasks.o
 .debug_abbrev  0x0000503e      0x30c build/timers.o
 .debug_abbrev  0x0000534a      0x1ba build/usb_device.o
 .debug_abbrev  0x00005504      0x25f build/usbd_custom_hid_if.o
 .debug_abbrev  0x00005763      0x20d build/usbd_desc.o
 .debug_abbrev  0x00005970      0x2bc build/usbd_conf.o
 .debug_abbrev  0x00005c2c       0x12 build/startup_stm32h743xx.o

.debug_loc      0x00000000    0x2061e
 .debug_loc     0x00000000      0x2f9 build/ads1299.o
 .debug_loc     0x000002f9      0x1e8 build/freertos.o
 .debug_loc     0x000004e1       0x8d build/gpio.o
 .debug_loc     0x0000056e       0x42 build/main.o
 .debug_loc     0x000005b0       0x9e build/spi.o
 .debug_loc     0x0000064e       0x87 build/stm32h7xx_hal_timebase_tim.o
 .debug_loc     0x000006d5      0x1a0 build/system_stm32h7xx.o
 .debug_loc     0x00000875       0xae build/tim.o
 .debug_loc     0x00000923      0x3fa build/stm32h7xx_hal.o
 .debug_loc     0x00000d1d      0x726 build/stm32h7xx_hal_cortex.o
 .debug_loc     0x00001443      0x3c6 build/stm32h7xx_hal_gpio.o
 .debug_loc     0x00001809     0x1301 build/stm32h7xx_hal_pcd.o
 .debug_loc     0x00002b0a      0x236 build/stm32h7xx_hal_pcd_ex.o
 .debug_loc     0x00002d40      0x4df build/stm32h7xx_hal_pwr_ex.o
 .debug_loc     0x0000321f      0x8e3 build/stm32h7xx_hal_rcc.o
 .debug_loc     0x00003b02     0x19dc build/stm32h7xx_hal_rcc_ex.o
 .debug_loc     0x000054de     0x1dd7 build/stm32h7xx_hal_spi.o
 .debug_loc     0x000072b5     0x567b build/stm32h7xx_hal_tim.o
 .debug_loc     0x0000c930     0x257f build/stm32h7xx_hal_tim_ex.o
 .debug_loc     0x0000eeaf     0x24fe build/stm32h7xx_ll_usb.o
 .debug_loc     0x000113ad      0x9de build/usbd_customhid.o
 .debug_loc     0x00011d8b      0xb86 build/usbd_core.o
 .debug_loc     0x00012911     0x16dd build/usbd_ctlreq.o
 .debug_loc     0x00013fee      0x2b8 build/usbd_ioreq.o
 .debug_loc     0x000142a6     0x5008 build/cmsis_os2.o
 .debug_loc     0x000192ae      0xb58 build/event_groups.o
 .debug_loc     0x00019e06       0xad build/list.o
 .debug_loc     0x00019eb3      0x124 build/port.o
 .debug_loc     0x00019fd7      0x434 build/heap_4.o
 .debug_loc     0x0001a40b     0x1aa7 build/queue.o
 .debug_loc     0x0001beb2     0x25af build/tasks.o
 .debug_loc     0x0001e461     0x113d build/timers.o
 .debug_loc     0x0001f59e      0x127 build/usbd_custom_hid_if.o
 .debug_loc     0x0001f6c5      0x38f build/usbd_desc.o
 .debug_loc     0x0001fa54      0xbca build/usbd_conf.o

.debug_aranges  0x00000000     0x1ec0
 .debug_aranges
                0x00000000       0x60 build/ads1299.o
 .debug_aranges
                0x00000060       0x50 build/freertos.o
 .debug_aranges
                0x000000b0       0x38 build/gpio.o
 .debug_aranges
                0x000000e8       0x38 build/main.o
 .debug_aranges
                0x00000120       0x30 build/spi.o
 .debug_aranges
                0x00000150       0x20 build/stm32h7xx_hal_msp.o
 .debug_aranges
                0x00000170       0x30 build/stm32h7xx_hal_timebase_tim.o
 .debug_aranges
                0x000001a0       0x68 build/stm32h7xx_it.o
 .debug_aranges
                0x00000208       0x28 build/system_stm32h7xx.o
 .debug_aranges
                0x00000230       0x38 build/tim.o
 .debug_aranges
                0x00000268      0x198 build/stm32h7xx_hal.o
 .debug_aranges
                0x00000400       0xb0 build/stm32h7xx_hal_cortex.o
 .debug_aranges
                0x000004b0       0x58 build/stm32h7xx_hal_gpio.o
 .debug_aranges
                0x00000508      0x140 build/stm32h7xx_hal_pcd.o
 .debug_aranges
                0x00000648       0x60 build/stm32h7xx_hal_pcd_ex.o
 .debug_aranges
                0x000006a8      0x158 build/stm32h7xx_hal_pwr_ex.o
 .debug_aranges
                0x00000800       0x88 build/stm32h7xx_hal_rcc.o
 .debug_aranges
                0x00000888       0xf8 build/stm32h7xx_hal_rcc_ex.o
 .debug_aranges
                0x00000980      0x1a0 build/stm32h7xx_hal_spi.o
 .debug_aranges
                0x00000b20      0x3e0 build/stm32h7xx_hal_tim.o
 .debug_aranges
                0x00000f00      0x188 build/stm32h7xx_hal_tim_ex.o
 .debug_aranges
                0x00001088      0x1a0 build/stm32h7xx_ll_usb.o
 .debug_aranges
                0x00001228       0x80 build/usbd_customhid.o
 .debug_aranges
                0x000012a8       0xb8 build/usbd_core.o
 .debug_aranges
                0x00001360       0x88 build/usbd_ctlreq.o
 .debug_aranges
                0x000013e8       0x50 build/usbd_ioreq.o
 .debug_aranges
                0x00001438      0x2a0 build/cmsis_os2.o
 .debug_aranges
                0x000016d8       0x90 build/event_groups.o
 .debug_aranges
                0x00001768       0x40 build/list.o
 .debug_aranges
                0x000017a8       0x80 build/port.o
 .debug_aranges
                0x00001828       0x58 build/heap_4.o
 .debug_aranges
                0x00001880      0x158 build/queue.o
 .debug_aranges
                0x000019d8      0x208 build/tasks.o
 .debug_aranges
                0x00001be0       0xf0 build/timers.o
 .debug_aranges
                0x00001cd0       0x20 build/usb_device.o
 .debug_aranges
                0x00001cf0       0x38 build/usbd_custom_hid_if.o
 .debug_aranges
                0x00001d28       0x60 build/usbd_desc.o
 .debug_aranges
                0x00001d88      0x110 build/usbd_conf.o
 .debug_aranges
                0x00001e98       0x28 build/startup_stm32h743xx.o

.debug_ranges   0x00000000     0x2060
 .debug_ranges  0x00000000       0x50 build/ads1299.o
 .debug_ranges  0x00000050       0xb8 build/freertos.o
 .debug_ranges  0x00000108       0x28 build/gpio.o
 .debug_ranges  0x00000130       0x28 build/main.o
 .debug_ranges  0x00000158       0x20 build/spi.o
 .debug_ranges  0x00000178       0x10 build/stm32h7xx_hal_msp.o
 .debug_ranges  0x00000188       0x20 build/stm32h7xx_hal_timebase_tim.o
 .debug_ranges  0x000001a8       0x58 build/stm32h7xx_it.o
 .debug_ranges  0x00000200       0x18 build/system_stm32h7xx.o
 .debug_ranges  0x00000218       0x28 build/tim.o
 .debug_ranges  0x00000240      0x188 build/stm32h7xx_hal.o
 .debug_ranges  0x000003c8      0x100 build/stm32h7xx_hal_cortex.o
 .debug_ranges  0x000004c8       0x48 build/stm32h7xx_hal_gpio.o
 .debug_ranges  0x00000510      0x130 build/stm32h7xx_hal_pcd.o
 .debug_ranges  0x00000640       0x50 build/stm32h7xx_hal_pcd_ex.o
 .debug_ranges  0x00000690      0x1a8 build/stm32h7xx_hal_pwr_ex.o
 .debug_ranges  0x00000838       0xe8 build/stm32h7xx_hal_rcc.o
 .debug_ranges  0x00000920       0xe8 build/stm32h7xx_hal_rcc_ex.o
 .debug_ranges  0x00000a08      0x190 build/stm32h7xx_hal_spi.o
 .debug_ranges  0x00000b98      0x3d0 build/stm32h7xx_hal_tim.o
 .debug_ranges  0x00000f68      0x178 build/stm32h7xx_hal_tim_ex.o
 .debug_ranges  0x000010e0      0x190 build/stm32h7xx_ll_usb.o
 .debug_ranges  0x00001270       0x70 build/usbd_customhid.o
 .debug_ranges  0x000012e0       0xa8 build/usbd_core.o
 .debug_ranges  0x00001388       0x78 build/usbd_ctlreq.o
 .debug_ranges  0x00001400       0x40 build/usbd_ioreq.o
 .debug_ranges  0x00001440      0x2a8 build/cmsis_os2.o
 .debug_ranges  0x000016e8       0xb8 build/event_groups.o
 .debug_ranges  0x000017a0       0x30 build/list.o
 .debug_ranges  0x000017d0       0x88 build/port.o
 .debug_ranges  0x00001858       0x48 build/heap_4.o
 .debug_ranges  0x000018a0      0x200 build/queue.o
 .debug_ranges  0x00001aa0      0x338 build/tasks.o
 .debug_ranges  0x00001dd8       0xe0 build/timers.o
 .debug_ranges  0x00001eb8       0x10 build/usb_device.o
 .debug_ranges  0x00001ec8       0x28 build/usbd_custom_hid_if.o
 .debug_ranges  0x00001ef0       0x50 build/usbd_desc.o
 .debug_ranges  0x00001f40      0x100 build/usbd_conf.o
 .debug_ranges  0x00002040       0x20 build/startup_stm32h743xx.o

.debug_line     0x00000000    0x20ee9
 .debug_line    0x00000000      0x484 build/ads1299.o
 .debug_line    0x00000484      0x683 build/freertos.o
 .debug_line    0x00000b07      0x30d build/gpio.o
 .debug_line    0x00000e14      0x406 build/main.o
 .debug_line    0x0000121a      0x3bc build/spi.o
 .debug_line    0x000015d6      0x15f build/stm32h7xx_hal_msp.o
 .debug_line    0x00001735      0x284 build/stm32h7xx_hal_timebase_tim.o
 .debug_line    0x000019b9      0x2db build/stm32h7xx_it.o
 .debug_line    0x00001c94      0x3f4 build/system_stm32h7xx.o
 .debug_line    0x00002088      0x2c1 build/tim.o
 .debug_line    0x00002349      0x88a build/stm32h7xx_hal.o
 .debug_line    0x00002bd3      0x755 build/stm32h7xx_hal_cortex.o
 .debug_line    0x00003328      0x681 build/stm32h7xx_hal_gpio.o
 .debug_line    0x000039a9     0x13af build/stm32h7xx_hal_pcd.o
 .debug_line    0x00004d58      0x460 build/stm32h7xx_hal_pcd_ex.o
 .debug_line    0x000051b8      0xa4a build/stm32h7xx_hal_pwr_ex.o
 .debug_line    0x00005c02     0x11bb build/stm32h7xx_hal_rcc.o
 .debug_line    0x00006dbd     0x1d4b build/stm32h7xx_hal_rcc_ex.o
 .debug_line    0x00008b08     0x2766 build/stm32h7xx_hal_spi.o
 .debug_line    0x0000b26e     0x4fec build/stm32h7xx_hal_tim.o
 .debug_line    0x0001025a     0x1ef3 build/stm32h7xx_hal_tim_ex.o
 .debug_line    0x0001214d     0x1d64 build/stm32h7xx_ll_usb.o
 .debug_line    0x00013eb1      0x6bd build/usbd_customhid.o
 .debug_line    0x0001456e      0x82c build/usbd_core.o
 .debug_line    0x00014d9a      0xc41 build/usbd_ctlreq.o
 .debug_line    0x000159db      0x278 build/usbd_ioreq.o
 .debug_line    0x00015c53     0x2950 build/cmsis_os2.o
 .debug_line    0x000185a3      0xab7 build/event_groups.o
 .debug_line    0x0001905a      0x327 build/list.o
 .debug_line    0x00019381      0x6d8 build/port.o
 .debug_line    0x00019a59      0x6e7 build/heap_4.o
 .debug_line    0x0001a140     0x1fea build/queue.o
 .debug_line    0x0001c12a     0x2d2b build/tasks.o
 .debug_line    0x0001ee55      0xec7 build/timers.o
 .debug_line    0x0001fd1c      0x22a build/usb_device.o
 .debug_line    0x0001ff46      0x301 build/usbd_custom_hid_if.o
 .debug_line    0x00020247      0x331 build/usbd_desc.o
 .debug_line    0x00020578      0x8fb build/usbd_conf.o
 .debug_line    0x00020e73       0x76 build/startup_stm32h743xx.o

.debug_str      0x00000000     0xacb9
 .debug_str     0x00000000      0x8b5 build/ads1299.o
                                0x9b0 (size before relaxing)
 .debug_str     0x000008b5      0x795 build/freertos.o